Archive member included to satisfy reference by file (symbol)

C:\Users\elbas\.platformio\packages\framework-arduinoasrmicro650x\cores\asr650x\projects\CubeCellLib.a(ASR_Arduino.o)
                              .pio\build\cubecell_node\src\main.cpp.o (delay)
C:\Users\elbas\.platformio\packages\framework-arduinoasrmicro650x\cores\asr650x\projects\CubeCellLib.a(cyfitter_cfg.o)
                              C:\Users\elbas\.platformio\packages\framework-arduinoasrmicro650x\cores\asr650x\projects\CubeCellLib.a(ASR_Arduino.o) (systime)
.pio\build\cubecell_node\lib0c9\libAdafruit BME280 Library.a(Adafruit_BME280.cpp.o)
                              .pio\build\cubecell_node\src\main.cpp.o (Adafruit_BME280::Adafruit_BME280())
.pio\build\cubecell_node\libFrameworkArduino.a(SPI.cpp.o)
                              .pio\build\cubecell_node\lib0c9\libAdafruit BME280 Library.a(Adafruit_BME280.cpp.o) (SPIClass::begin(signed char, unsigned long, signed char))
.pio\build\cubecell_node\libFrameworkArduino.a(HardwareSerial.cpp.o)
                              .pio\build\cubecell_node\src\main.cpp.o (HardwareSerial::begin(unsigned long, unsigned long, signed char, bool, unsigned long))
.pio\build\cubecell_node\libFrameworkArduino.a(Wire.cpp.o)
                              .pio\build\cubecell_node\lib0c9\libAdafruit BME280 Library.a(Adafruit_BME280.cpp.o) (TwoWire::begin(unsigned long, signed char))
.pio\build\cubecell_node\libFrameworkArduino.a(ADC_SAR_Seq.c.o)
                              C:\Users\elbas\.platformio\packages\framework-arduinoasrmicro650x\cores\asr650x\projects\CubeCellLib.a(ASR_Arduino.o) (ADC_SAR_Seq_Start)
.pio\build\cubecell_node\libFrameworkArduino.a(ADC_SAR_Seq_INT.c.o)
                              .pio\build\cubecell_node\libFrameworkArduino.a(ADC_SAR_Seq.c.o) (ADC_SAR_Seq_ISR)
.pio\build\cubecell_node\libFrameworkArduino.a(I2C_1_I2C_MASTER.c.o)
                              .pio\build\cubecell_node\libFrameworkArduino.a(Wire.cpp.o) (I2C_1_I2CMasterSendStart)
.pio\build\cubecell_node\libFrameworkArduino.a(I2C_I2C_MASTER.c.o)
                              .pio\build\cubecell_node\libFrameworkArduino.a(Wire.cpp.o) (I2C_I2CMasterSendStart)
.pio\build\cubecell_node\libFrameworkArduino.a(PWM1.c.o)
                              C:\Users\elbas\.platformio\packages\framework-arduinoasrmicro650x\cores\asr650x\projects\CubeCellLib.a(ASR_Arduino.o) (PWM1_Stop)
.pio\build\cubecell_node\libFrameworkArduino.a(PWM2.c.o)
                              C:\Users\elbas\.platformio\packages\framework-arduinoasrmicro650x\cores\asr650x\projects\CubeCellLib.a(ASR_Arduino.o) (PWM2_Stop)
.pio\build\cubecell_node\libFrameworkArduino.a(Print.cpp.o)
                              .pio\build\cubecell_node\src\main.cpp.o (Print::print(char const*))
.pio\build\cubecell_node\libFrameworkArduino.a(Stream.cpp.o)
                              .pio\build\cubecell_node\libFrameworkArduino.a(HardwareSerial.cpp.o) (Stream::readBytes(char*, unsigned int))
.pio\build\cubecell_node\libFrameworkArduino.a(WString.cpp.o)
                              .pio\build\cubecell_node\libFrameworkArduino.a(Stream.cpp.o) (String::String(char const*))
.pio\build\cubecell_node\libFrameworkArduino.a(irq.c.o)
                              C:\Users\elbas\.platformio\packages\framework-arduinoasrmicro650x\cores\asr650x\projects\CubeCellLib.a(ASR_Arduino.o) (global_irq_StartEx)
.pio\build\cubecell_node\libFrameworkArduino.a(stdlib_noniso.c.o)
                              .pio\build\cubecell_node\libFrameworkArduino.a(WString.cpp.o) (ltoa)
.pio\build\cubecell_node\libFrameworkArduino.a(main.cpp.o)
                              c:/users/elbas/.platformio/packages/toolchain-gccarmnoneeabi/bin/../lib/gcc/arm-none-eabi/9.2.1/../../../../arm-none-eabi/lib/thumb/v6-m/nofp/crt0.o (main)
.pio\build\cubecell_node\libFrameworkArduino.a(Cm0plusStart.c.o)
                              .pio\build\cubecell_node\libFrameworkArduino.a(irq.c.o) (IntDefaultHandler)
.pio\build\cubecell_node\libFrameworkArduino.a(CyBootAsmGnu.S.o)
                              .pio\build\cubecell_node\libFrameworkArduino.a(PWM1.c.o) (CyEnterCriticalSection)
.pio\build\cubecell_node\libFrameworkArduino.a(CyLFClk.c.o)
                              C:\Users\elbas\.platformio\packages\framework-arduinoasrmicro650x\cores\asr650x\projects\CubeCellLib.a(cyfitter_cfg.o) (CySysClkWcoStart)
.pio\build\cubecell_node\libFrameworkArduino.a(CyLib.c.o)
                              C:\Users\elbas\.platformio\packages\framework-arduinoasrmicro650x\cores\asr650x\projects\CubeCellLib.a(cyfitter_cfg.o) (CyIntSetVector)
.pio\build\cubecell_node\libFrameworkArduino.a(SPI_1.c.o)
                              .pio\build\cubecell_node\libFrameworkArduino.a(SPI.cpp.o) (SPI_1_Start)
.pio\build\cubecell_node\libFrameworkArduino.a(SPI_1_SPI.c.o)
                              .pio\build\cubecell_node\libFrameworkArduino.a(SPI_1.c.o) (SPI_1_SpiPostEnable)
.pio\build\cubecell_node\libFrameworkArduino.a(SPI_1_SPI_UART.c.o)
[...]
Memory Configuration

Name             Origin             Length             Attributes
rom              0x0000000000000000 0x0000000000020000 xr
ram              0x0000000020000000 0x0000000000004000 xrw
*default*        0x0000000000000000 0xffffffffffffffff

Linker script and memory map

LOAD c:/users/elbas/.platformio/packages/toolchain-gccarmnoneeabi/bin/../lib/gcc/arm-none-eabi/9.2.1/thumb/v6-m/nofp/crti.o
LOAD c:/users/elbas/.platformio/packages/toolchain-gccarmnoneeabi/bin/../lib/gcc/arm-none-eabi/9.2.1/thumb/v6-m/nofp/crtbegin.o
LOAD c:/users/elbas/.platformio/packages/toolchain-gccarmnoneeabi/bin/../lib/gcc/arm-none-eabi/9.2.1/../../../../arm-none-eabi/lib/thumb/v6-m/nofp/crt0.o
LOAD .pio\build\cubecell_node\src\main.cpp.o
START GROUP
LOAD C:\Users\elbas\.platformio\packages\framework-arduinoasrmicro650x\cores\asr650x\projects\CubeCellLib.a
LOAD .pio\build\cubecell_node\lib461\libAdafruit Unified Sensor.a
LOAD .pio\build\cubecell_node\lib0c9\libAdafruit BME280 Library.a
LOAD .pio\build\cubecell_node\libFrameworkArduinoVariant.a
LOAD .pio\build\cubecell_node\libFrameworkArduino.a
LOAD c:/users/elbas/.platformio/packages/toolchain-gccarmnoneeabi/bin/../lib/gcc/arm-none-eabi/9.2.1/../../../../arm-none-eabi/lib/thumb/v6-m/nofp\libstdc++_nano.a
END GROUP
LOAD c:/users/elbas/.platformio/packages/toolchain-gccarmnoneeabi/bin/../lib/gcc/arm-none-eabi/9.2.1/../../../../arm-none-eabi/lib/thumb/v6-m/nofp\libstdc++_nano.a
LOAD c:/users/elbas/.platformio/packages/toolchain-gccarmnoneeabi/bin/../lib/gcc/arm-none-eabi/9.2.1/../../../../arm-none-eabi/lib/thumb/v6-m/nofp\libm.a
START GROUP
LOAD c:/users/elbas/.platformio/packages/toolchain-gccarmnoneeabi/bin/../lib/gcc/arm-none-eabi/9.2.1/thumb/v6-m/nofp\libgcc.a
LOAD c:/users/elbas/.platformio/packages/toolchain-gccarmnoneeabi/bin/../lib/gcc/arm-none-eabi/9.2.1/../../../../arm-none-eabi/lib/thumb/v6-m/nofp\libc_nano.a
END GROUP
START GROUP
LOAD c:/users/elbas/.platformio/packages/toolchain-gccarmnoneeabi/bin/../lib/gcc/arm-none-eabi/9.2.1/thumb/v6-m/nofp\libgcc.a
LOAD c:/users/elbas/.platformio/packages/toolchain-gccarmnoneeabi/bin/../lib/gcc/arm-none-eabi/9.2.1/../../../../arm-none-eabi/lib/thumb/v6-m/nofp\libc_nano.a
END GROUP
LOAD c:/users/elbas/.platformio/packages/toolchain-gccarmnoneeabi/bin/../lib/gcc/arm-none-eabi/9.2.1/thumb/v6-m/nofp/crtend.o
LOAD c:/users/elbas/.platformio/packages/toolchain-gccarmnoneeabi/bin/../lib/gcc/arm-none-eabi/9.2.1/thumb/v6-m/nofp/crtn.o
START GROUP
LOAD c:/users/elbas/.platformio/packages/toolchain-gccarmnoneeabi/bin/../lib/gcc/arm-none-eabi/9.2.1/thumb/v6-m/nofp\libgcc.a
LOAD c:/users/elbas/.platformio/packages/toolchain-gccarmnoneeabi/bin/../lib/gcc/arm-none-eabi/9.2.1/../../../../arm-none-eabi/lib/thumb/v6-m/nofp\libc.a
LOAD c:/users/elbas/.platformio/packages/toolchain-gccarmnoneeabi/bin/../lib/gcc/arm-none-eabi/9.2.1/../../../../arm-none-eabi/lib/thumb/v6-m/nofp\libnosys.a
END GROUP
                0x0000000000000000                CY_APPL_ORIGIN = 0x0
                0x0000000000000100                CY_FLASH_ROW_SIZE = 0x100
                0x0000000000000001                CY_APPL_NUM = 0x1
                0x0000000000000001                CY_APPL_MAX = 0x1
                0x0000000000000040                CY_METADATA_SIZE = 0x40
                0x0000000000000001                CY_APPL_LOADABLE = 0x1
                0x0000000000000000                CY_CHECKSUM_EXCLUDE_SIZE = ALIGN (0x0, CY_FLASH_ROW_SIZE)
                0x0000000000000000                CY_APP_FOR_STACK_AND_COPIER = 0x0
                [!provide]                        PROVIDE (__cy_heap_start = _end)
                0x0000000000000001                PROVIDE (__cy_region_num = ((__cy_regions_end - __cy_regions) / 0x10))
                0x0000000020004000                PROVIDE (__cy_stack = (ORIGIN (ram) + LENGTH (ram)))
                [!provide]                        PROVIDE (__cy_heap_end = (__cy_stack - 0x800))

.cybootloader   0x0000000000000000     0x2200
 *(.cybootloader)
 .cybootloader  0x0000000000000000     0x2200 .pio\build\cubecell_node\libFrameworkArduino.a(cybootloader.c.o)
                0x0000000000000000                cy_bootloader
                0x0000000000002200                appl1_start = CY_APPL_ORIGIN?CY_APPL_ORIGIN:ALIGN (CY_FLASH_ROW_SIZE)
                0x0000000000011000                appl2_start = (appl1_start + ALIGN ((((LENGTH (rom) - appl1_start) - (0x2 * CY_FLASH_ROW_SIZE)) / 0x2), CY_FLASH_ROW_SIZE))
                0x0000000000002200                appl_start = (CY_APPL_NUM == 0x1)?appl1_start:appl2_start
                0x0000000000000000                cy_project_type_bootloader = (appl_start == 0x0)?0x1:0x0
                0x0000000000000000                cy_project_type_app_for_stack_and_copier = (CY_APP_FOR_STACK_AND_COPIER == 0x1)?0x1:0x0

.text           0x0000000000002200     0x953c
 CREATE_OBJECT_SYMBOLS
                0x0000000000002200                PROVIDE (__cy_interrupt_vector = RomVectors)
 *(.romvectors)
 .romvectors    0x0000000000002200       0x10 .pio\build\cubecell_node\libFrameworkArduino.a(Cm0plusStart.c.o)
                0x0000000000002200                RomVectors
                0x0000000000000001                ASSERT ((. != __cy_interrupt_vector), No interrupt vector)
                0x0000000000000001                ASSERT (CY_APPL_ORIGIN?(SIZEOF (.cybootloader) <= CY_APPL_ORIGIN):0x1, Wrong image location)
                0x0000000000002210                PROVIDE (__cy_reset = Reset)
 *(.text.Reset)
 .text.Reset    0x0000000000002210       0x18 .pio\build\cubecell_node\libFrameworkArduino.a(Cm0plusStart.c.o)
                0x0000000000002210                Reset
                0x0000000000000001                ASSERT ((. != __cy_reset), No reset code)
 *(.psocinit)
 .psocinit      0x0000000000002228      0x1b4 C:\Users\elbas\.platformio\packages\framework-arduinoasrmicro650x\cores\asr650x\projects\CubeCellLib.a(cyfitter_cfg.o)
                0x0000000000002228                cyfitter_cfg
                0x00000000000023dc                . = MAX (., 0x100)
 *(.text .text.* .gnu.linkonce.t.*)
 .text.__do_global_dtors_aux
                0x00000000000023dc       0x28 c:/users/elbas/.platformio/packages/toolchain-gccarmnoneeabi/bin/../lib/gcc/arm-none-eabi/9.2.1/thumb/v6-m/nofp/crtbegin.o
 .text.frame_dummy
                0x0000000000002404       0x20 c:/users/elbas/.platformio/packages/toolchain-gccarmnoneeabi/bin/../lib/gcc/arm-none-eabi/9.2.1/thumb/v6-m/nofp/crtbegin.o
 .text._Z11printValuesv
                0x0000000000002424       0xe0 .pio\build\cubecell_node\src\main.cpp.o
                0x0000000000002424                printValues()
 .text._Z5setupv
                0x0000000000002504       0xa0 .pio\build\cubecell_node\src\main.cpp.o
                0x0000000000002504                setup()
 .text._Z4loopv
                0x00000000000025a4       0x1c .pio\build\cubecell_node\src\main.cpp.o
                0x00000000000025a4                loop()
 .text.startup._GLOBAL__sub_I_bme
                0x00000000000025c0       0x24 .pio\build\cubecell_node\src\main.cpp.o
 .text.getID    0x00000000000025e4       0x18 C:\Users\elbas\.platformio\packages\framework-arduinoasrmicro650x\cores\asr650x\projects\CubeCellLib.a(ASR_Arduino.o)
                0x00000000000025e4                getID
 .text.license_check
                0x00000000000025fc      0x268 C:\Users\elbas\.platformio\packages\framework-arduinoasrmicro650x\cores\asr650x\projects\CubeCellLib.a(ASR_Arduino.o)
                0x00000000000025fc                license_check
 .text.pinMode  0x0000000000002864       0x6c C:\Users\elbas\.platformio\packages\framework-arduinoasrmicro650x\cores\asr650x\projects\CubeCellLib.a(ASR_Arduino.o)
                0x0000000000002864                pinMode
 .text.digitalWrite
                0x00000000000028d0       0x68 C:\Users\elbas\.platformio\packages\framework-arduinoasrmicro650x\cores\asr650x\projects\CubeCellLib.a(ASR_Arduino.o)
                0x00000000000028d0                digitalWrite
 .text.digitalRead
                0x0000000000002938       0x20 C:\Users\elbas\.platformio\packages\framework-arduinoasrmicro650x\cores\asr650x\projects\CubeCellLib.a(ASR_Arduino.o)
                0x0000000000002938                digitalRead
 .text.ClearPinInterrupt
                0x0000000000002958       0x1c C:\Users\elbas\.platformio\packages\framework-arduinoasrmicro650x\cores\asr650x\projects\CubeCellLib.a(ASR_Arduino.o)
                0x0000000000002958                ClearPinInterrupt
 .text.detachInterrupt
                0x0000000000002974       0x6c C:\Users\elbas\.platformio\packages\framework-arduinoasrmicro650x\cores\asr650x\projects\CubeCellLib.a(ASR_Arduino.o)
                0x0000000000002974                detachInterrupt
 .text.delay    0x00000000000029e0        0x8 C:\Users\elbas\.platformio\packages\framework-arduinoasrmicro650x\cores\asr650x\projects\CubeCellLib.a(ASR_Arduino.o)
                0x00000000000029e0                delay
 .text.millis   0x00000000000029e8        0xc C:\Users\elbas\.platformio\packages\framework-arduinoasrmicro650x\cores\asr650x\projects\CubeCellLib.a(ASR_Arduino.o)
                0x00000000000029e8                millis
 .text.SPI_BUSY_SetDriveMode
                0x00000000000029f4        0x2 C:\Users\elbas\.platformio\packages\framework-arduinoasrmicro650x\cores\asr650x\projects\CubeCellLib.a(ASR_Arduino.o)
                0x00000000000029f4                SPI_BUSY_SetDriveMode
 .text.SPI_NRESET_SetDriveMode
                0x00000000000029f6        0x2 C:\Users\elbas\.platformio\packages\framework-arduinoasrmicro650x\cores\asr650x\projects\CubeCellLib.a(ASR_Arduino.o)
                0x00000000000029f6                SPI_NRESET_SetDriveMode
 .text.antpow_SetDriveMode
                0x00000000000029f8        0x2 C:\Users\elbas\.platformio\packages\framework-arduinoasrmicro650x\cores\asr650x\projects\CubeCellLib.a(ASR_Arduino.o)
                0x00000000000029f8                antpow_SetDriveMode
 .text.SPI_1_miso_m_SetDriveMode
                0x00000000000029fa        0x2 C:\Users\elbas\.platformio\packages\framework-arduinoasrmicro650x\cores\asr650x\projects\CubeCellLib.a(ASR_Arduino.o)
                0x00000000000029fa                SPI_1_miso_m_SetDriveMode
 .text.SPI_1_mosi_m_SetDriveMode
                0x00000000000029fc        0x2 C:\Users\elbas\.platformio\packages\framework-arduinoasrmicro650x\cores\asr650x\projects\CubeCellLib.a(ASR_Arduino.o)
                0x00000000000029fc                SPI_1_mosi_m_SetDriveMode
 .text.SPI_1_sclk_m_SetDriveMode
                0x00000000000029fe        0x2 C:\Users\elbas\.platformio\packages\framework-arduinoasrmicro650x\cores\asr650x\projects\CubeCellLib.a(ASR_Arduino.o)
                0x00000000000029fe                SPI_1_sclk_m_SetDriveMode
 .text.systemTimer
                0x0000000000002a00       0x10 C:\Users\elbas\.platformio\packages\framework-arduinoasrmicro650x\cores\asr650x\projects\CubeCellLib.a(cyfitter_cfg.o)
                0x0000000000002a00                systemTimer
 .text.SetAnalogRoutingPumps
                0x0000000000002a10       0x1c C:\Users\elbas\.platformio\packages\framework-arduinoasrmicro650x\cores\asr650x\projects\CubeCellLib.a(cyfitter_cfg.o)
                0x0000000000002a10                SetAnalogRoutingPumps
 .text._ZN15Adafruit_BME280C2Ev
                0x0000000000002a2c       0x12 .pio\build\cubecell_node\lib0c9\libAdafruit BME280 Library.a(Adafruit_BME280.cpp.o)
                0x0000000000002a2c                Adafruit_BME280::Adafruit_BME280()
                0x0000000000002a2c                Adafruit_BME280::Adafruit_BME280()
 .text._ZN15Adafruit_BME280D2Ev
                0x0000000000002a3e       0x2c .pio\build\cubecell_node\lib0c9\libAdafruit BME280 Library.a(Adafruit_BME280.cpp.o)
                0x0000000000002a3e                Adafruit_BME280::~Adafruit_BME280()
                0x0000000000002a3e                Adafruit_BME280::~Adafruit_BME280()
 .text._ZN15Adafruit_BME2807spixferEh
                0x0000000000002a6a       0x5a .pio\build\cubecell_node\lib0c9\libAdafruit BME280 Library.a(Adafruit_BME280.cpp.o)
                0x0000000000002a6a                Adafruit_BME280::spixfer(unsigned char)
 .text._ZN15Adafruit_BME2806write8Ehh
                0x0000000000002ac4       0x90 .pio\build\cubecell_node\lib0c9\libAdafruit BME280 Library.a(Adafruit_BME280.cpp.o)
                0x0000000000002ac4                Adafruit_BME280::write8(unsigned char, unsigned char)
 .text._ZN15Adafruit_BME28011setSamplingENS_11sensor_modeENS_15sensor_samplingES1_S1_NS_13sensor_filterENS_16standby_durationE
                0x0000000000002b54       0xa0 .pio\build\cubecell_node\lib0c9\libAdafruit BME280 Library.a(Adafruit_BME280.cpp.o)
                0x0000000000002b54                Adafruit_BME280::setSampling(Adafruit_BME280::sensor_mode, Adafruit_BME280::sensor_sampling, Adafruit_BME280::sensor_sampling, Adafruit_BME280::sensor_sampling, Adafruit_BME280::sensor_filter, Adafruit_BME280::standby_duration)
 .text._ZN15Adafruit_BME2805read8Eh
                0x0000000000002bf4       0x94 .pio\build\cubecell_node\lib0c9\libAdafruit BME280 Library.a(Adafruit_BME280.cpp.o)
                0x0000000000002bf4                Adafruit_BME280::read8(unsigned char)
 .text._ZN15Adafruit_BME2806read16Eh
                0x0000000000002c88       0xb0 .pio\build\cubecell_node\lib0c9\libAdafruit BME280 Library.a(Adafruit_BME280.cpp.o)
                0x0000000000002c88                Adafruit_BME280::read16(unsigned char)
 .text._ZN15Adafruit_BME2809read16_LEEh
                0x0000000000002d38        0xc .pio\build\cubecell_node\lib0c9\libAdafruit BME280 Library.a(Adafruit_BME280.cpp.o)
                0x0000000000002d38                Adafruit_BME280::read16_LE(unsigned char)
 .text._ZN15Adafruit_BME2806read24Eh
                0x0000000000002d44       0xc0 .pio\build\cubecell_node\lib0c9\libAdafruit BME280 Library.a(Adafruit_BME280.cpp.o)
                0x0000000000002d44                Adafruit_BME280::read24(unsigned char)
 .text._ZN15Adafruit_BME28021takeForcedMeasurementEv
                0x0000000000002e04       0x5c .pio\build\cubecell_node\lib0c9\libAdafruit BME280 Library.a(Adafruit_BME280.cpp.o)
                0x0000000000002e04                Adafruit_BME280::takeForcedMeasurement()
 .text._ZN15Adafruit_BME28016readCoefficientsEv
                0x0000000000002e60       0xf2 .pio\build\cubecell_node\lib0c9\libAdafruit BME280 Library.a(Adafruit_BME280.cpp.o)
                0x0000000000002e60                Adafruit_BME280::readCoefficients()
 .text._ZN15Adafruit_BME28020isReadingCalibrationEv
                0x0000000000002f52        0xe .pio\build\cubecell_node\lib0c9\libAdafruit BME280 Library.a(Adafruit_BME280.cpp.o)
                0x0000000000002f52                Adafruit_BME280::isReadingCalibration()
 .text._ZN15Adafruit_BME2804initEv
                0x0000000000002f60       0xb4 .pio\build\cubecell_node\lib0c9\libAdafruit BME280 Library.a(Adafruit_BME280.cpp.o)
                0x0000000000002f60                Adafruit_BME280::init()
 .text._ZN15Adafruit_BME2805beginEhP7TwoWire
                0x0000000000003014        0xc .pio\build\cubecell_node\lib0c9\libAdafruit BME280 Library.a(Adafruit_BME280.cpp.o)
                0x0000000000003014                Adafruit_BME280::begin(unsigned char, TwoWire*)
 .text._ZN15Adafruit_BME28015readTemperatureEv
                0x0000000000003020       0x5c .pio\build\cubecell_node\lib0c9\libAdafruit BME280 Library.a(Adafruit_BME280.cpp.o)
                0x0000000000003020                Adafruit_BME280::readTemperature()
 .text._ZN15Adafruit_BME28012readPressureEv
                0x000000000000307c      0x198 .pio\build\cubecell_node\lib0c9\libAdafruit BME280 Library.a(Adafruit_BME280.cpp.o)
                0x000000000000307c                Adafruit_BME280::readPressure()
 .text._ZN15Adafruit_BME28012readHumidityEv
                0x0000000000003214       0xb4 .pio\build\cubecell_node\lib0c9\libAdafruit BME280 Library.a(Adafruit_BME280.cpp.o)
                0x0000000000003214                Adafruit_BME280::readHumidity()
 .text._ZN15Adafruit_BME28012readAltitudeEf
                0x00000000000032c8       0x50 .pio\build\cubecell_node\lib0c9\libAdafruit BME280 Library.a(Adafruit_BME280.cpp.o)
                0x00000000000032c8                Adafruit_BME280::readAltitude(float)
 .text._ZN8SPIClass5beginEama
                0x0000000000003318       0x90 .pio\build\cubecell_node\libFrameworkArduino.a(SPI.cpp.o)
                0x0000000000003318                SPIClass::begin(signed char, unsigned long, signed char)
 .text._ZN8SPIClass12setFrequencyEm
                0x00000000000033a8       0x50 .pio\build\cubecell_node\libFrameworkArduino.a(SPI.cpp.o)
                0x00000000000033a8                SPIClass::setFrequency(unsigned long)
 .text._ZN8SPIClass16beginTransactionE11SPISettings
                0x00000000000033f8       0xd8 .pio\build\cubecell_node\libFrameworkArduino.a(SPI.cpp.o)
                0x00000000000033f8                SPIClass::beginTransaction(SPISettings)
 .text._ZN8SPIClass14endTransactionEv
                0x00000000000034d0       0x16 .pio\build\cubecell_node\libFrameworkArduino.a(SPI.cpp.o)
                0x00000000000034d0                SPIClass::endTransaction()
 .text._ZN8SPIClass8transferEh
                0x00000000000034e6       0x5a .pio\build\cubecell_node\libFrameworkArduino.a(SPI.cpp.o)
                0x00000000000034e6                SPIClass::transfer(unsigned char)
 .text.startup._GLOBAL__sub_I__ZN8SPIClassC2Eaa
                0x0000000000003540       0x28 .pio\build\cubecell_node\libFrameworkArduino.a(SPI.cpp.o)
 .text._ZN6Stream9readBytesEPhj
                0x0000000000003568        0xa .pio\build\cubecell_node\libFrameworkArduino.a(HardwareSerial.cpp.o)
                0x0000000000003568                Stream::readBytes(unsigned char*, unsigned int)
 .text._ZN14HardwareSerial4peekEv
                0x0000000000003572        0x4 .pio\build\cubecell_node\libFrameworkArduino.a(HardwareSerial.cpp.o)
                0x0000000000003572                HardwareSerial::peek()
 .text._ZN14HardwareSerialD2Ev
                0x0000000000003576        0x2 .pio\build\cubecell_node\libFrameworkArduino.a(HardwareSerial.cpp.o)
                0x0000000000003576                HardwareSerial::~HardwareSerial()
                0x0000000000003576                HardwareSerial::~HardwareSerial()
 .text._ZN14HardwareSerial9availableEv
                0x0000000000003578       0x16 .pio\build\cubecell_node\libFrameworkArduino.a(HardwareSerial.cpp.o)
                0x0000000000003578                HardwareSerial::available()
 .text._ZN14HardwareSerial4readEv
                0x000000000000358e       0x26 .pio\build\cubecell_node\libFrameworkArduino.a(HardwareSerial.cpp.o)
                0x000000000000358e                HardwareSerial::read()
 .text._ZN14HardwareSerial5writeEh
                0x00000000000035b4       0x1a .pio\build\cubecell_node\libFrameworkArduino.a(HardwareSerial.cpp.o)
                0x00000000000035b4                HardwareSerial::write(unsigned char)
 .text._ZN14HardwareSerial5writeEPKhj
                0x00000000000035ce       0x28 .pio\build\cubecell_node\libFrameworkArduino.a(HardwareSerial.cpp.o)
                0x00000000000035ce                HardwareSerial::write(unsigned char const*, unsigned int)
 .text._ZN14HardwareSerialD0Ev
                0x00000000000035f6        0xe .pio\build\cubecell_node\libFrameworkArduino.a(HardwareSerial.cpp.o)
                0x00000000000035f6                HardwareSerial::~HardwareSerial()
 .text._ZN14HardwareSerial5flushEv
                0x0000000000003604       0x2c .pio\build\cubecell_node\libFrameworkArduino.a(HardwareSerial.cpp.o)
                0x0000000000003604                HardwareSerial::flush()
 .text._ZN14HardwareSerial5beginEmmabm
                0x0000000000003630      0x124 .pio\build\cubecell_node\libFrameworkArduino.a(HardwareSerial.cpp.o)
                0x0000000000003630                HardwareSerial::begin(unsigned long, unsigned long, signed char, bool, unsigned long)
 .text.startup._GLOBAL__sub_I_Serial
                0x0000000000003754       0x5c .pio\build\cubecell_node\libFrameworkArduino.a(HardwareSerial.cpp.o)
 .text._ZN7TwoWireD2Ev
                0x00000000000037b0        0x2 .pio\build\cubecell_node\libFrameworkArduino.a(Wire.cpp.o)
                0x00000000000037b0                TwoWire::~TwoWire()
                0x00000000000037b0                TwoWire::~TwoWire()
 .text._ZN7TwoWire5writeEPKhj
                0x00000000000037b2       0x24 .pio\build\cubecell_node\libFrameworkArduino.a(Wire.cpp.o)
                0x00000000000037b2                TwoWire::write(unsigned char const*, unsigned int)
 .text._ZN7TwoWire9availableEv
                0x00000000000037d6        0xe .pio\build\cubecell_node\libFrameworkArduino.a(Wire.cpp.o)
                0x00000000000037d6                TwoWire::available()
 .text._ZN7TwoWire4readEv
                0x00000000000037e4       0x20 .pio\build\cubecell_node\libFrameworkArduino.a(Wire.cpp.o)
                0x00000000000037e4                TwoWire::read()
 .text._ZN7TwoWire4peekEv
                0x0000000000003804       0x1c .pio\build\cubecell_node\libFrameworkArduino.a(Wire.cpp.o)
                0x0000000000003804                TwoWire::peek()
 .text._ZN7TwoWireD0Ev
                0x0000000000003820       0x10 .pio\build\cubecell_node\libFrameworkArduino.a(Wire.cpp.o)
                0x0000000000003820                TwoWire::~TwoWire()
 .text._ZN7TwoWire5writeEh
                0x0000000000003830       0x40 .pio\build\cubecell_node\libFrameworkArduino.a(Wire.cpp.o)
                0x0000000000003830                TwoWire::write(unsigned char)
 .text._ZN7TwoWire5flushEv
                0x0000000000003870       0x78 .pio\build\cubecell_node\libFrameworkArduino.a(Wire.cpp.o)
                0x0000000000003870                TwoWire::flush()
 .text._ZN7TwoWireC2Ea
                0x00000000000038e8       0x3c .pio\build\cubecell_node\libFrameworkArduino.a(Wire.cpp.o)
                0x00000000000038e8                TwoWire::TwoWire(signed char)
                0x00000000000038e8                TwoWire::TwoWire(signed char)
 .text._ZN7TwoWire5beginEma
                0x0000000000003924       0x6c .pio\build\cubecell_node\libFrameworkArduino.a(Wire.cpp.o)
                0x0000000000003924                TwoWire::begin(unsigned long, signed char)
 .text._ZN7TwoWire17writeTransmissionEtPhtb
                0x0000000000003990       0xc0 .pio\build\cubecell_node\libFrameworkArduino.a(Wire.cpp.o)
                0x0000000000003990                TwoWire::writeTransmission(unsigned short, unsigned char*, unsigned short, bool)
 .text._ZN7TwoWire16readTransmissionEtPhtbPm
                0x0000000000003a50       0xd2 .pio\build\cubecell_node\libFrameworkArduino.a(Wire.cpp.o)
                0x0000000000003a50                TwoWire::readTransmission(unsigned short, unsigned char*, unsigned short, bool, unsigned long*)
 .text._ZN7TwoWire15endTransmissionEb
                0x0000000000003b22       0x68 .pio\build\cubecell_node\libFrameworkArduino.a(Wire.cpp.o)
                0x0000000000003b22                TwoWire::endTransmission(bool)
 .text._ZN7TwoWire11requestFromEthb
                0x0000000000003b8a       0x74 .pio\build\cubecell_node\libFrameworkArduino.a(Wire.cpp.o)
                0x0000000000003b8a                TwoWire::requestFrom(unsigned short, unsigned char, bool)
 .text._ZN7TwoWire11requestFromEhh
                0x0000000000003bfe        0xa .pio\build\cubecell_node\libFrameworkArduino.a(Wire.cpp.o)
                0x0000000000003bfe                TwoWire::requestFrom(unsigned char, unsigned char)
 .text._ZN7TwoWire17beginTransmissionEh
                0x0000000000003c08       0x12 .pio\build\cubecell_node\libFrameworkArduino.a(Wire.cpp.o)
                0x0000000000003c08                TwoWire::beginTransmission(unsigned char)
 .text._ZN7TwoWire15endTransmissionEv
                0x0000000000003c1a        0xa .pio\build\cubecell_node\libFrameworkArduino.a(Wire.cpp.o)
                0x0000000000003c1a                TwoWire::endTransmission()
 .text.startup._GLOBAL__sub_I__ZN7TwoWireC2Ea
                0x0000000000003c24       0x40 .pio\build\cubecell_node\libFrameworkArduino.a(Wire.cpp.o)
 .text.I2C_1_I2CMasterHandleStatus
                0x0000000000003c64       0x94 .pio\build\cubecell_node\libFrameworkArduino.a(I2C_1_I2C_MASTER.c.o)
 .text.I2C_1_I2CMasterWaitOneUnit
                0x0000000000003cf8       0x24 .pio\build\cubecell_node\libFrameworkArduino.a(I2C_1_I2C_MASTER.c.o)
 .text.I2C_1_I2CMasterSendStart
                0x0000000000003d1c       0xbc .pio\build\cubecell_node\libFrameworkArduino.a(I2C_1_I2C_MASTER.c.o)
                0x0000000000003d1c                I2C_1_I2CMasterSendStart
 .text.I2C_1_I2CMasterSendStop
                0x0000000000003dd8       0x54 .pio\build\cubecell_node\libFrameworkArduino.a(I2C_1_I2C_MASTER.c.o)
                0x0000000000003dd8                I2C_1_I2CMasterSendStop
 .text.I2C_1_I2CMasterWriteByte
                0x0000000000003e2c       0x44 .pio\build\cubecell_node\libFrameworkArduino.a(I2C_1_I2C_MASTER.c.o)
                0x0000000000003e2c                I2C_1_I2CMasterWriteByte
 .text.I2C_1_I2CMasterReadByte
                0x0000000000003e70       0x78 .pio\build\cubecell_node\libFrameworkArduino.a(I2C_1_I2C_MASTER.c.o)
                0x0000000000003e70                I2C_1_I2CMasterReadByte
 .text.I2C_1_I2CMasterClearReadBuf
                0x0000000000003ee8       0x24 .pio\build\cubecell_node\libFrameworkArduino.a(I2C_1_I2C_MASTER.c.o)
                0x0000000000003ee8                I2C_1_I2CMasterClearReadBuf
 .text.I2C_1_I2CMasterClearWriteBuf
                0x0000000000003f0c       0x24 .pio\build\cubecell_node\libFrameworkArduino.a(I2C_1_I2C_MASTER.c.o)
                0x0000000000003f0c                I2C_1_I2CMasterClearWriteBuf
 .text.I2C_1_I2CMasterClearStatus
                0x0000000000003f30       0x20 .pio\build\cubecell_node\libFrameworkArduino.a(I2C_1_I2C_MASTER.c.o)
                0x0000000000003f30                I2C_1_I2CMasterClearStatus
 .text.I2C_1_I2CReStartGeneration
                0x0000000000003f50       0x24 .pio\build\cubecell_node\libFrameworkArduino.a(I2C_1_I2C_MASTER.c.o)
                0x0000000000003f50                I2C_1_I2CReStartGeneration
 .text.I2C_1_I2CMasterSendRestart
                0x0000000000003f74       0x60 .pio\build\cubecell_node\libFrameworkArduino.a(I2C_1_I2C_MASTER.c.o)
                0x0000000000003f74                I2C_1_I2CMasterSendRestart
 .text.I2C_I2CMasterHandleStatus
                0x0000000000003fd4       0x94 .pio\build\cubecell_node\libFrameworkArduino.a(I2C_I2C_MASTER.c.o)
 .text.I2C_I2CMasterWaitOneUnit
                0x0000000000004068       0x24 .pio\build\cubecell_node\libFrameworkArduino.a(I2C_I2C_MASTER.c.o)
 .text.I2C_I2CMasterSendStart
                0x000000000000408c       0xbc .pio\build\cubecell_node\libFrameworkArduino.a(I2C_I2C_MASTER.c.o)
                0x000000000000408c                I2C_I2CMasterSendStart
 .text.I2C_I2CMasterSendStop
                0x0000000000004148       0x54 .pio\build\cubecell_node\libFrameworkArduino.a(I2C_I2C_MASTER.c.o)
                0x0000000000004148                I2C_I2CMasterSendStop
 .text.I2C_I2CMasterWriteByte
                0x000000000000419c       0x44 .pio\build\cubecell_node\libFrameworkArduino.a(I2C_I2C_MASTER.c.o)
                0x000000000000419c                I2C_I2CMasterWriteByte
 .text.I2C_I2CMasterReadByte
                0x00000000000041e0       0x78 .pio\build\cubecell_node\libFrameworkArduino.a(I2C_I2C_MASTER.c.o)
                0x00000000000041e0                I2C_I2CMasterReadByte
 .text.I2C_I2CMasterClearReadBuf
                0x0000000000004258       0x24 .pio\build\cubecell_node\libFrameworkArduino.a(I2C_I2C_MASTER.c.o)
                0x0000000000004258                I2C_I2CMasterClearReadBuf
 .text.I2C_I2CMasterClearWriteBuf
                0x000000000000427c       0x24 .pio\build\cubecell_node\libFrameworkArduino.a(I2C_I2C_MASTER.c.o)
                0x000000000000427c                I2C_I2CMasterClearWriteBuf
 .text.I2C_I2CMasterClearStatus
                0x00000000000042a0       0x20 .pio\build\cubecell_node\libFrameworkArduino.a(I2C_I2C_MASTER.c.o)
                0x00000000000042a0                I2C_I2CMasterClearStatus
 .text.I2C_I2CReStartGeneration
                0x00000000000042c0       0x24 .pio\build\cubecell_node\libFrameworkArduino.a(I2C_I2C_MASTER.c.o)
                0x00000000000042c0                I2C_I2CReStartGeneration
 .text.I2C_I2CMasterSendRestart
                0x00000000000042e4       0x60 .pio\build\cubecell_node\libFrameworkArduino.a(I2C_I2C_MASTER.c.o)
                0x00000000000042e4                I2C_I2CMasterSendRestart
 .text.PWM1_Stop
                0x0000000000004344       0x34 .pio\build\cubecell_node\libFrameworkArduino.a(PWM1.c.o)
                0x0000000000004344                PWM1_Stop
 .text.PWM2_Stop
                0x0000000000004378       0x34 .pio\build\cubecell_node\libFrameworkArduino.a(PWM2.c.o)
                0x0000000000004378                PWM2_Stop
 .text._ZN5Print5writeEPKc
                0x00000000000043ac       0x1c .pio\build\cubecell_node\libFrameworkArduino.a(Print.cpp.o)
                0x00000000000043ac                Print::write(char const*)
 .text._ZN5Print5printEPKc
                0x00000000000043c8        0x8 .pio\build\cubecell_node\libFrameworkArduino.a(Print.cpp.o)
                0x00000000000043c8                Print::print(char const*)
 .text._ZN5Print5printEc
                0x00000000000043d0        0xa .pio\build\cubecell_node\libFrameworkArduino.a(Print.cpp.o)
                0x00000000000043d0                Print::print(char)
 *fill*         0x00000000000043da        0x2 
 .text._ZN5Print7printlnEv
                0x00000000000043dc       0x10 .pio\build\cubecell_node\libFrameworkArduino.a(Print.cpp.o)
                0x00000000000043dc                Print::println()
 .text._ZN5Print7printlnEPK19__FlashStringHelper
                0x00000000000043ec       0x14 .pio\build\cubecell_node\libFrameworkArduino.a(Print.cpp.o)
                0x00000000000043ec                Print::println(__FlashStringHelper const*)
 .text._ZN5Print7printlnEPKc
                0x0000000000004400       0x14 .pio\build\cubecell_node\libFrameworkArduino.a(Print.cpp.o)
                0x0000000000004400                Print::println(char const*)
 .text._ZN5Print11printNumberEmh
                0x0000000000004414       0x4e .pio\build\cubecell_node\libFrameworkArduino.a(Print.cpp.o)
                0x0000000000004414                Print::printNumber(unsigned long, unsigned char)
 .text._ZN5Print5printEli
                0x0000000000004462       0x3e .pio\build\cubecell_node\libFrameworkArduino.a(Print.cpp.o)
                0x0000000000004462                Print::print(long, int)
 .text._ZN5Print10printFloatEdh
                0x00000000000044a0      0x168 .pio\build\cubecell_node\libFrameworkArduino.a(Print.cpp.o)
                0x00000000000044a0                Print::printFloat(double, unsigned char)
 .text._ZN5Print5printEdi
                0x0000000000004608        0xe .pio\build\cubecell_node\libFrameworkArduino.a(Print.cpp.o)
                0x0000000000004608                Print::print(double, int)
 .text._ZN6Stream9timedReadEv
                0x0000000000004616       0x2a .pio\build\cubecell_node\libFrameworkArduino.a(Stream.cpp.o)
                0x0000000000004616                Stream::timedRead()
 .text._ZN6Stream9readBytesEPcj
                0x0000000000004640       0x22 .pio\build\cubecell_node\libFrameworkArduino.a(Stream.cpp.o)
                0x0000000000004640                Stream::readBytes(char*, unsigned int)
 *fill*         0x0000000000004662        0x2 
 .text._ZN6Stream10readStringEv
                0x0000000000004664       0x28 .pio\build\cubecell_node\libFrameworkArduino.a(Stream.cpp.o)
                0x0000000000004664                Stream::readString()
 .text._ZN6String10invalidateEv
                0x000000000000468c       0x18 .pio\build\cubecell_node\libFrameworkArduino.a(WString.cpp.o)
                0x000000000000468c                String::invalidate()
 .text._ZN6String12changeBufferEj
                0x00000000000046a4       0x3a .pio\build\cubecell_node\libFrameworkArduino.a(WString.cpp.o)
                0x00000000000046a4                String::changeBuffer(unsigned int)
 .text._ZN6String7reserveEj
                0x00000000000046de       0x2a .pio\build\cubecell_node\libFrameworkArduino.a(WString.cpp.o)
                0x00000000000046de                String::reserve(unsigned int)
 .text._ZN6String4copyEPKcj
                0x0000000000004708       0x28 .pio\build\cubecell_node\libFrameworkArduino.a(WString.cpp.o)
                0x0000000000004708                String::copy(char const*, unsigned int)
 .text._ZN6StringC2EPKc
                0x0000000000004730       0x26 .pio\build\cubecell_node\libFrameworkArduino.a(WString.cpp.o)
                0x0000000000004730                String::String(char const*)
                0x0000000000004730                String::String(char const*)
 .text._ZN6String6concatEPKcj
                0x0000000000004756       0x32 .pio\build\cubecell_node\libFrameworkArduino.a(WString.cpp.o)
                0x0000000000004756                String::concat(char const*, unsigned int)
 .text._ZN6String6concatEc
                0x0000000000004788       0x16 .pio\build\cubecell_node\libFrameworkArduino.a(WString.cpp.o)
                0x0000000000004788                String::concat(char)
 *fill*         0x000000000000479e        0x2 
 .text.global_irq_Disable
                0x00000000000047a0        0xc .pio\build\cubecell_node\libFrameworkArduino.a(irq.c.o)
                0x00000000000047a0                global_irq_Disable
 .text.startup.main
                0x00000000000047ac       0x10 .pio\build\cubecell_node\libFrameworkArduino.a(main.cpp.o)
                0x00000000000047ac                main
 .text.IntDefaultHandler
                0x00000000000047bc       0x10 .pio\build\cubecell_node\libFrameworkArduino.a(Cm0plusStart.c.o)
                0x00000000000047bc                IntDefaultHandler
 .text._sbrk    0x00000000000047cc       0x30 .pio\build\cubecell_node\libFrameworkArduino.a(Cm0plusStart.c.o)
                0x00000000000047cc                _sbrk
 .text.Start_c  0x00000000000047fc       0x48 .pio\build\cubecell_node\libFrameworkArduino.a(Cm0plusStart.c.o)
                0x00000000000047fc                Start_c
 .text.startup.initialize_psoc
                0x0000000000004844       0x48 .pio\build\cubecell_node\libFrameworkArduino.a(Cm0plusStart.c.o)
                0x0000000000004844                initialize_psoc
 *fill*         0x000000000000488c        0x4 
 .text          0x0000000000004890       0x20 .pio\build\cubecell_node\libFrameworkArduino.a(CyBootAsmGnu.S.o)
                0x0000000000004890                CyDelayCycles
                0x00000000000048a2                CyEnterCriticalSection
                0x00000000000048aa                CyExitCriticalSection
 .text.CySysClkWcoSetHighPowerMode
                0x00000000000048b0       0x38 .pio\build\cubecell_node\libFrameworkArduino.a(CyLFClk.c.o)
 .text.CySysClkWcoStart
                0x00000000000048e8       0x18 .pio\build\cubecell_node\libFrameworkArduino.a(CyLFClk.c.o)
                0x00000000000048e8                CySysClkWcoStart
 .text.CySysClkWcoEnabled
                0x0000000000004900        0xc .pio\build\cubecell_node\libFrameworkArduino.a(CyLFClk.c.o)
                0x0000000000004900                CySysClkWcoEnabled
 .text.CySysWdtDisable
                0x000000000000490c       0x10 .pio\build\cubecell_node\libFrameworkArduino.a(CyLFClk.c.o)
                0x000000000000490c                CySysWdtDisable
 .text.CySysClkSetTimerSource
                0x000000000000491c       0x60 .pio\build\cubecell_node\libFrameworkArduino.a(CyLFClk.c.o)
                0x000000000000491c                CySysClkSetTimerSource
 .text.CySysTimerGetEnabledStatus
                0x000000000000497c       0x24 .pio\build\cubecell_node\libFrameworkArduino.a(CyLFClk.c.o)
                0x000000000000497c                CySysTimerGetEnabledStatus
 .text.CySysTimerSetMode
                0x00000000000049a0       0x40 .pio\build\cubecell_node\libFrameworkArduino.a(CyLFClk.c.o)
                0x00000000000049a0                CySysTimerSetMode
 .text.CySysTimerSetClearOnMatch
                0x00000000000049e0       0x34 .pio\build\cubecell_node\libFrameworkArduino.a(CyLFClk.c.o)
                0x00000000000049e0                CySysTimerSetClearOnMatch
 .text.CySysTimerEnable
                0x0000000000004a14       0x38 .pio\build\cubecell_node\libFrameworkArduino.a(CyLFClk.c.o)
                0x0000000000004a14                CySysTimerEnable
 .text.CySysTimerDisable
                0x0000000000004a4c       0x38 .pio\build\cubecell_node\libFrameworkArduino.a(CyLFClk.c.o)
                0x0000000000004a4c                CySysTimerDisable
 .text.CySysTimerSetCascade
                0x0000000000004a84       0x34 .pio\build\cubecell_node\libFrameworkArduino.a(CyLFClk.c.o)
                0x0000000000004a84                CySysTimerSetCascade
 .text.CySysTimerSetMatch
                0x0000000000004ab8       0x50 .pio\build\cubecell_node\libFrameworkArduino.a(CyLFClk.c.o)
                0x0000000000004ab8                CySysTimerSetMatch
 .text.CySysTimerSetToggleBit
                0x0000000000004b08       0x2c .pio\build\cubecell_node\libFrameworkArduino.a(CyLFClk.c.o)
                0x0000000000004b08                CySysTimerSetToggleBit
 .text.CySysTimerGetCount
                0x0000000000004b34       0x38 .pio\build\cubecell_node\libFrameworkArduino.a(CyLFClk.c.o)
                0x0000000000004b34                CySysTimerGetCount
 .text.CySysTimerClearInterrupt
                0x0000000000004b6c       0x2c .pio\build\cubecell_node\libFrameworkArduino.a(CyLFClk.c.o)
                0x0000000000004b6c                CySysTimerClearInterrupt
 .text.CySysTimerSetInterruptCallback
                0x0000000000004b98       0x24 .pio\build\cubecell_node\libFrameworkArduino.a(CyLFClk.c.o)
                0x0000000000004b98                CySysTimerSetInterruptCallback
 .text.CySysTimerEnableIsr
                0x0000000000004bbc       0x34 .pio\build\cubecell_node\libFrameworkArduino.a(CyLFClk.c.o)
                0x0000000000004bbc                CySysTimerEnableIsr
 .text.CySysTimerDisableIsr
                0x0000000000004bf0       0x28 .pio\build\cubecell_node\libFrameworkArduino.a(CyLFClk.c.o)
                0x0000000000004bf0                CySysTimerDisableIsr
 .text.CySysTimerIsr
                0x0000000000004c18       0xa0 .pio\build\cubecell_node\libFrameworkArduino.a(CyLFClk.c.o)
                0x0000000000004c18                CySysTimerIsr
 .text.CySysTimerResetCounters
                0x0000000000004cb8       0x1c .pio\build\cubecell_node\libFrameworkArduino.a(CyLFClk.c.o)
                0x0000000000004cb8                CySysTimerResetCounters
 .text.CySysClkImoDisableWcoLock
                0x0000000000004cd4       0x14 .pio\build\cubecell_node\libFrameworkArduino.a(CyLib.c.o)
                0x0000000000004cd4                CySysClkImoDisableWcoLock
 .text.CySysClkImoGetWcoLock
                0x0000000000004ce8       0x10 .pio\build\cubecell_node\libFrameworkArduino.a(CyLib.c.o)
                0x0000000000004ce8                CySysClkImoGetWcoLock
 .text.CySysClkWriteHfclkDirect
                0x0000000000004cf8       0x74 .pio\build\cubecell_node\libFrameworkArduino.a(CyLib.c.o)
                0x0000000000004cf8                CySysClkWriteHfclkDirect
 .text.CyIntSetVector
                0x0000000000004d6c       0x18 .pio\build\cubecell_node\libFrameworkArduino.a(CyLib.c.o)
                0x0000000000004d6c                CyIntSetVector
 .text.CyIntSetPriority
                0x0000000000004d84       0x40 .pio\build\cubecell_node\libFrameworkArduino.a(CyLib.c.o)
                0x0000000000004d84                CyIntSetPriority
 .text.CyIntEnable
                0x0000000000004dc4       0x14 .pio\build\cubecell_node\libFrameworkArduino.a(CyLib.c.o)
                0x0000000000004dc4                CyIntEnable
 .text.CyIntDisable
                0x0000000000004dd8       0x14 .pio\build\cubecell_node\libFrameworkArduino.a(CyLib.c.o)
                0x0000000000004dd8                CyIntDisable
 .text.CyIntClearPending
                0x0000000000004dec       0x14 .pio\build\cubecell_node\libFrameworkArduino.a(CyLib.c.o)
                0x0000000000004dec                CyIntClearPending
 .text.CyHalt   0x0000000000004e00        0x4 .pio\build\cubecell_node\libFrameworkArduino.a(CyLib.c.o)
                0x0000000000004e00                CyHalt
 .text.CyDelay  0x0000000000004e04       0x2c .pio\build\cubecell_node\libFrameworkArduino.a(CyLib.c.o)
                0x0000000000004e04                CyDelay
 .text.CySysClkImoEnableWcoLock
                0x0000000000004e30       0xbc .pio\build\cubecell_node\libFrameworkArduino.a(CyLib.c.o)
                0x0000000000004e30                CySysClkImoEnableWcoLock
 .text.CySysClkWriteImoFreq
                0x0000000000004eec       0xb8 .pio\build\cubecell_node\libFrameworkArduino.a(CyLib.c.o)
                0x0000000000004eec                CySysClkWriteImoFreq
 .text.CyDelayUs
                0x0000000000004fa4       0x14 .pio\build\cubecell_node\libFrameworkArduino.a(CyLib.c.o)
                0x0000000000004fa4                CyDelayUs
 .text.CySysTickInit
                0x0000000000004fb8       0x54 .pio\build\cubecell_node\libFrameworkArduino.a(CyLib.c.o)
                0x0000000000004fb8                CySysTickInit
 .text.CySysTickStop
                0x000000000000500c       0x10 .pio\build\cubecell_node\libFrameworkArduino.a(CyLib.c.o)
                0x000000000000500c                CySysTickStop
 .text.CySysTickEnableInterrupt
                0x000000000000501c       0x10 .pio\build\cubecell_node\libFrameworkArduino.a(CyLib.c.o)
                0x000000000000501c                CySysTickEnableInterrupt
 .text.CySysTickEnable
                0x000000000000502c       0x18 .pio\build\cubecell_node\libFrameworkArduino.a(CyLib.c.o)
                0x000000000000502c                CySysTickEnable
 .text.CySysTickStart
                0x0000000000005044       0x1c .pio\build\cubecell_node\libFrameworkArduino.a(CyLib.c.o)
                0x0000000000005044                CySysTickStart
 .text.CySysTickDisableInterrupt
                0x0000000000005060       0x10 .pio\build\cubecell_node\libFrameworkArduino.a(CyLib.c.o)
                0x0000000000005060                CySysTickDisableInterrupt
 .text.CySysTickGetCountFlag
                0x0000000000005070       0x10 .pio\build\cubecell_node\libFrameworkArduino.a(CyLib.c.o)
                0x0000000000005070                CySysTickGetCountFlag
 .text.CySysTickServiceCallbacks
                0x0000000000005080       0x24 .pio\build\cubecell_node\libFrameworkArduino.a(CyLib.c.o)
 .text.CySysTickSetCallback
                0x00000000000050a4       0x10 .pio\build\cubecell_node\libFrameworkArduino.a(CyLib.c.o)
                0x00000000000050a4                CySysTickSetCallback
 .text.CyGetUniqueId
                0x00000000000050b4       0x70 .pio\build\cubecell_node\libFrameworkArduino.a(CyLib.c.o)
                0x00000000000050b4                CyGetUniqueId
 .text.SPI_1_Enable
                0x0000000000005124       0x18 .pio\build\cubecell_node\libFrameworkArduino.a(SPI_1.c.o)
                0x0000000000005124                SPI_1_Enable
 .text.SPI_1_Start
                0x000000000000513c       0x1c .pio\build\cubecell_node\libFrameworkArduino.a(SPI_1.c.o)
                0x000000000000513c                SPI_1_Start
 .text.SPI_1_Stop
                0x0000000000005158       0x20 .pio\build\cubecell_node\libFrameworkArduino.a(SPI_1.c.o)
                0x0000000000005158                SPI_1_Stop
 .text.SPI_1_SpiPostEnable
                0x0000000000005178       0x14 .pio\build\cubecell_node\libFrameworkArduino.a(SPI_1_SPI.c.o)
                0x0000000000005178                SPI_1_SpiPostEnable
 .text.SPI_1_SpiStop
                0x000000000000518c       0x18 .pio\build\cubecell_node\libFrameworkArduino.a(SPI_1_SPI.c.o)
                0x000000000000518c                SPI_1_SpiStop
 .text.SPI_1_SpiSetActiveSlaveSelect
                0x00000000000051a4       0x20 .pio\build\cubecell_node\libFrameworkArduino.a(SPI_1_SPI.c.o)
                0x00000000000051a4                SPI_1_SpiSetActiveSlaveSelect
 .text.SPI_1_SpiInit
                0x00000000000051c4       0x88 .pio\build\cubecell_node\libFrameworkArduino.a(SPI_1_SPI.c.o)
                0x00000000000051c4                SPI_1_SpiInit
 .text.SPI_1_SpiUartReadRxData
                0x000000000000524c        0xc .pio\build\cubecell_node\libFrameworkArduino.a(SPI_1_SPI_UART.c.o)
                0x000000000000524c                SPI_1_SpiUartReadRxData
 .text.SPI_1_SpiUartGetRxBufferSize
                0x0000000000005258       0x10 .pio\build\cubecell_node\libFrameworkArduino.a(SPI_1_SPI_UART.c.o)
                0x0000000000005258                SPI_1_SpiUartGetRxBufferSize
 .text.SPI_1_SpiUartWriteTxData
                0x0000000000005268       0x1c .pio\build\cubecell_node\libFrameworkArduino.a(SPI_1_SPI_UART.c.o)
                0x0000000000005268                SPI_1_SpiUartWriteTxData
 .text.SPI_1_SpiUartGetTxBufferSize
                0x0000000000005284       0x10 .pio\build\cubecell_node\libFrameworkArduino.a(SPI_1_SPI_UART.c.o)
                0x0000000000005284                SPI_1_SpiUartGetTxBufferSize
 .text.SPI_2_SpiUartReadRxData
                0x0000000000005294        0xc .pio\build\cubecell_node\libFrameworkArduino.a(SPI_2_SPI_UART.c.o)
                0x0000000000005294                SPI_2_SpiUartReadRxData
 .text.SPI_2_SpiUartGetRxBufferSize
                0x00000000000052a0       0x10 .pio\build\cubecell_node\libFrameworkArduino.a(SPI_2_SPI_UART.c.o)
                0x00000000000052a0                SPI_2_SpiUartGetRxBufferSize
 .text.SPI_2_SpiUartWriteTxData
                0x00000000000052b0       0x1c .pio\build\cubecell_node\libFrameworkArduino.a(SPI_2_SPI_UART.c.o)
                0x00000000000052b0                SPI_2_SpiUartWriteTxData
 .text.SPI_2_SpiUartGetTxBufferSize
                0x00000000000052cc       0x10 .pio\build\cubecell_node\libFrameworkArduino.a(SPI_2_SPI_UART.c.o)
                0x00000000000052cc                SPI_2_SpiUartGetTxBufferSize
 .text.UART_1_SpiUartReadRxData
                0x00000000000052dc        0xc .pio\build\cubecell_node\libFrameworkArduino.a(UART_1_SPI_UART.c.o)
                0x00000000000052dc                UART_1_SpiUartReadRxData
 .text.UART_1_SpiUartGetRxBufferSize
                0x00000000000052e8       0x10 .pio\build\cubecell_node\libFrameworkArduino.a(UART_1_SPI_UART.c.o)
                0x00000000000052e8                UART_1_SpiUartGetRxBufferSize
 .text.UART_1_SpiUartClearRxBuffer
                0x00000000000052f8       0x20 .pio\build\cubecell_node\libFrameworkArduino.a(UART_1_SPI_UART.c.o)
                0x00000000000052f8                UART_1_SpiUartClearRxBuffer
 .text.UART_1_SpiUartWriteTxData
                0x0000000000005318       0x1c .pio\build\cubecell_node\libFrameworkArduino.a(UART_1_SPI_UART.c.o)
                0x0000000000005318                UART_1_SpiUartWriteTxData
 .text.UART_1_SpiUartGetTxBufferSize
                0x0000000000005334       0x10 .pio\build\cubecell_node\libFrameworkArduino.a(UART_1_SPI_UART.c.o)
                0x0000000000005334                UART_1_SpiUartGetTxBufferSize
 .text.UART_1_SpiUartClearTxBuffer
                0x0000000000005344       0x20 .pio\build\cubecell_node\libFrameworkArduino.a(UART_1_SPI_UART.c.o)
                0x0000000000005344                UART_1_SpiUartClearTxBuffer
 .text.UART_1_UART_WAKEUP_ISR
                0x0000000000005364        0x8 .pio\build\cubecell_node\libFrameworkArduino.a(UART_1_UART.c.o)
                0x0000000000005364                UART_1_UART_WAKEUP_ISR
 .text.UART_1_UartInit
                0x000000000000536c       0xdc .pio\build\cubecell_node\libFrameworkArduino.a(UART_1_UART.c.o)
                0x000000000000536c                UART_1_UartInit
 .text.UART_1_UartPostEnable
                0x0000000000005448       0x28 .pio\build\cubecell_node\libFrameworkArduino.a(UART_1_UART.c.o)
                0x0000000000005448                UART_1_UartPostEnable
 .text.UART_1_UartGetByte
                0x0000000000005470       0x34 .pio\build\cubecell_node\libFrameworkArduino.a(UART_1_UART.c.o)
                0x0000000000005470                UART_1_UartGetByte
 .text.UART_1_UartSaveConfig
                0x00000000000054a4       0x3c .pio\build\cubecell_node\libFrameworkArduino.a(UART_1_UART.c.o)
                0x00000000000054a4                UART_1_UartSaveConfig
 .text.UART_1_UartRestoreConfig
                0x00000000000054e0        0xa .pio\build\cubecell_node\libFrameworkArduino.a(UART_1_UART.c.o)
                0x00000000000054e0                UART_1_UartRestoreConfig
 *fill*         0x00000000000054ea        0x2 
 .text.UART_1_rx_wake_ClearInterrupt
                0x00000000000054ec       0x10 .pio\build\cubecell_node\libFrameworkArduino.a(UART_1_rx_wake.c.o)
                0x00000000000054ec                UART_1_rx_wake_ClearInterrupt
 .text.UART_2_SpiUartReadRxData
                0x00000000000054fc        0xc .pio\build\cubecell_node\libFrameworkArduino.a(UART_2_SPI_UART.c.o)
                0x00000000000054fc                UART_2_SpiUartReadRxData
 .text.UART_2_SpiUartGetRxBufferSize
                0x0000000000005508       0x10 .pio\build\cubecell_node\libFrameworkArduino.a(UART_2_SPI_UART.c.o)
                0x0000000000005508                UART_2_SpiUartGetRxBufferSize
 .text.UART_2_SpiUartClearRxBuffer
                0x0000000000005518       0x20 .pio\build\cubecell_node\libFrameworkArduino.a(UART_2_SPI_UART.c.o)
                0x0000000000005518                UART_2_SpiUartClearRxBuffer
 .text.UART_2_SpiUartWriteTxData
                0x0000000000005538       0x1c .pio\build\cubecell_node\libFrameworkArduino.a(UART_2_SPI_UART.c.o)
                0x0000000000005538                UART_2_SpiUartWriteTxData
 .text.UART_2_SpiUartGetTxBufferSize
                0x0000000000005554       0x10 .pio\build\cubecell_node\libFrameworkArduino.a(UART_2_SPI_UART.c.o)
                0x0000000000005554                UART_2_SpiUartGetTxBufferSize
 .text.UART_2_SpiUartClearTxBuffer
                0x0000000000005564       0x20 .pio\build\cubecell_node\libFrameworkArduino.a(UART_2_SPI_UART.c.o)
                0x0000000000005564                UART_2_SpiUartClearTxBuffer
 .text.UART_2_UartInit
                0x0000000000005584       0xc0 .pio\build\cubecell_node\libFrameworkArduino.a(UART_2_UART.c.o)
                0x0000000000005584                UART_2_UartInit
 .text.UART_2_UartPostEnable
                0x0000000000005644       0x14 .pio\build\cubecell_node\libFrameworkArduino.a(UART_2_UART.c.o)
                0x0000000000005644                UART_2_UartPostEnable
 .text.UART_2_UartGetByte
                0x0000000000005658       0x34 .pio\build\cubecell_node\libFrameworkArduino.a(UART_2_UART.c.o)
                0x0000000000005658                UART_2_UartGetByte
 .text.SX126xIoInit
                0x000000000000568c       0x44 .pio\build\cubecell_node\libFrameworkArduino.a(asr_board.c.o)
                0x000000000000568c                SX126xIoInit
 .text.SX126xReset
                0x00000000000056d0       0x50 .pio\build\cubecell_node\libFrameworkArduino.a(asr_board.c.o)
                0x00000000000056d0                SX126xReset
 .text.SX126xWaitOnBusy
                0x0000000000005720       0x14 .pio\build\cubecell_node\libFrameworkArduino.a(asr_board.c.o)
                0x0000000000005720                SX126xWaitOnBusy
 .text.SX126xWakeup
                0x0000000000005734       0x38 .pio\build\cubecell_node\libFrameworkArduino.a(asr_board.c.o)
                0x0000000000005734                SX126xWakeup
 .text.SX126xWriteCommand
                0x000000000000576c       0x50 .pio\build\cubecell_node\libFrameworkArduino.a(asr_board.c.o)
                0x000000000000576c                SX126xWriteCommand
 .text.SX126xAntSwOn
                0x00000000000057bc        0x2 .pio\build\cubecell_node\libFrameworkArduino.a(asr_board.c.o)
                0x00000000000057bc                SX126xAntSwOn
 .text.SX126xAntSwOff
                0x00000000000057be        0x2 .pio\build\cubecell_node\libFrameworkArduino.a(asr_board.c.o)
                0x00000000000057be                SX126xAntSwOff
 .text.boardInitMcu
                0x00000000000057c0       0x4c .pio\build\cubecell_node\libFrameworkArduino.a(asr_board.c.o)
                0x00000000000057c0                boardInitMcu
 .text.HW_Get_MFT_ID
                0x000000000000580c        0x8 .pio\build\cubecell_node\libFrameworkArduino.a(asr_board.c.o)
                0x000000000000580c                HW_Get_MFT_ID
 .text.HW_Get_MFT_Model
                0x0000000000005814        0x8 .pio\build\cubecell_node\libFrameworkArduino.a(asr_board.c.o)
                0x0000000000005814                HW_Get_MFT_Model
 .text.HW_Get_MFT_Rev
                0x000000000000581c        0x8 .pio\build\cubecell_node\libFrameworkArduino.a(asr_board.c.o)
                0x000000000000581c                HW_Get_MFT_Rev
 .text.HW_Get_MFT_SN
                0x0000000000005824       0x24 .pio\build\cubecell_node\libFrameworkArduino.a(asr_board.c.o)
                0x0000000000005824                HW_Get_MFT_SN
 .text.HW_Set_MFT_Baud
                0x0000000000005848       0x64 .pio\build\cubecell_node\libFrameworkArduino.a(asr_board.c.o)
                0x0000000000005848                HW_Set_MFT_Baud
 .text.HW_Get_MFT_Baud
                0x00000000000058ac        0xc .pio\build\cubecell_node\libFrameworkArduino.a(asr_board.c.o)
                0x00000000000058ac                HW_Get_MFT_Baud
 .text.GpioInit
                0x00000000000058b8       0x12 .pio\build\cubecell_node\libFrameworkArduino.a(gpio.c.o)
                0x00000000000058b8                GpioInit
 .text.GpioWrite
                0x00000000000058ca        0x8 .pio\build\cubecell_node\libFrameworkArduino.a(gpio.c.o)
                0x00000000000058ca                GpioWrite
 .text.GpioRead
                0x00000000000058d2        0x8 .pio\build\cubecell_node\libFrameworkArduino.a(gpio.c.o)
                0x00000000000058d2                GpioRead
 .text.SpiInit  0x00000000000058da        0x8 .pio\build\cubecell_node\libFrameworkArduino.a(spi-board.c.o)
                0x00000000000058da                SpiInit
 *fill*         0x00000000000058e2        0x2 
 .text.SpiInOut
                0x00000000000058e4       0x34 .pio\build\cubecell_node\libFrameworkArduino.a(spi-board.c.o)
                0x00000000000058e4                SpiInOut
 .text.I2C_1_I2CInit
                0x0000000000005918       0xb8 .pio\build\cubecell_node\libFrameworkArduino.a(I2C_1_I2C.c.o)
                0x0000000000005918                I2C_1_I2CInit
 .text.I2C_1_I2CFwBlockReset
                0x00000000000059d0       0x5c .pio\build\cubecell_node\libFrameworkArduino.a(I2C_1_I2C.c.o)
                0x00000000000059d0                I2C_1_I2CFwBlockReset
 .text.I2C_1_I2C_ISR
                0x0000000000005a2c      0x30c .pio\build\cubecell_node\libFrameworkArduino.a(I2C_1_I2C_INT.c.o)
                0x0000000000005a2c                I2C_1_I2C_ISR
 .text.I2C_I2CInit
                0x0000000000005d38       0xb8 .pio\build\cubecell_node\libFrameworkArduino.a(I2C_I2C.c.o)
                0x0000000000005d38                I2C_I2CInit
 .text.I2C_I2CFwBlockReset
                0x0000000000005df0       0x5c .pio\build\cubecell_node\libFrameworkArduino.a(I2C_I2C.c.o)
                0x0000000000005df0                I2C_I2CFwBlockReset
 .text.I2C_I2C_ISR
                0x0000000000005e4c      0x2f8 .pio\build\cubecell_node\libFrameworkArduino.a(I2C_I2C_INT.c.o)
                0x0000000000005e4c                I2C_I2C_ISR
 .text.RadioSleep
                0x0000000000006144       0x10 .pio\build\cubecell_node\libFrameworkArduino.a(radio.c.o)
                0x0000000000006144                RadioSleep
 .text.SX126xCheckDeviceReady
                0x0000000000006154       0x24 .pio\build\cubecell_node\libFrameworkArduino.a(sx126x.c.o)
                0x0000000000006154                SX126xCheckDeviceReady
 .text.SX126xSetSleep
                0x0000000000006178       0x20 .pio\build\cubecell_node\libFrameworkArduino.a(sx126x.c.o)
                0x0000000000006178                SX126xSetSleep
 .text.DelayMs  0x0000000000006198       0x10 .pio\build\cubecell_node\libFrameworkArduino.a(delay.c.o)
                0x0000000000006198                DelayMs
 .text.printchar
                0x00000000000061a8       0x26 .pio\build\cubecell_node\libFrameworkArduino.a(printf.c.o)
 .text.prints   0x00000000000061ce       0x8e .pio\build\cubecell_node\libFrameworkArduino.a(printf.c.o)
 .text.printi   0x000000000000625c       0xfc .pio\build\cubecell_node\libFrameworkArduino.a(printf.c.o)
 .text.tiny_print
                0x0000000000006358      0x1d8 .pio\build\cubecell_node\libFrameworkArduino.a(printf.c.o)
 .text.__wrap_sprintf
                0x0000000000006530       0x1c .pio\build\cubecell_node\libFrameworkArduino.a(printf.c.o)
                0x0000000000006530                __wrap_sprintf
 .text.CySysFlashSetWaitCycles
                0x000000000000654c       0x54 .pio\build\cubecell_node\libFrameworkArduino.a(CyFlash.c.o)
                0x000000000000654c                CySysFlashSetWaitCycles
 .text.UART_1_SPI_UART_ISR
                0x00000000000065a0       0x14 .pio\build\cubecell_node\libFrameworkArduino.a(UART_1_SPI_UART_INT.c.o)
                0x00000000000065a0                UART_1_SPI_UART_ISR
 .text.UART_2_SPI_UART_ISR
                0x00000000000065b4       0x14 .pio\build\cubecell_node\libFrameworkArduino.a(UART_2_SPI_UART_INT.c.o)
                0x00000000000065b4                UART_2_SPI_UART_ISR
 .text.GpioMcuWrite
                0x00000000000065c8       0x14 .pio\build\cubecell_node\libFrameworkArduino.a(gpio-board.c.o)
                0x00000000000065c8                GpioMcuWrite
 .text.GpioMcuInit
                0x00000000000065dc       0x1e .pio\build\cubecell_node\libFrameworkArduino.a(gpio-board.c.o)
                0x00000000000065dc                GpioMcuInit
 .text.GpioMcuRead
                0x00000000000065fa       0x14 .pio\build\cubecell_node\libFrameworkArduino.a(gpio-board.c.o)
                0x00000000000065fa                GpioMcuRead
 .text.__aeabi_atexit
                0x000000000000660e        0xe c:/users/elbas/.platformio/packages/toolchain-gccarmnoneeabi/bin/../lib/gcc/arm-none-eabi/9.2.1/../../../../arm-none-eabi/lib/thumb/v6-m/nofp\libstdc++_nano.a(atexit_arm.o)
                0x000000000000660e                __aeabi_atexit
 .text._ZdlPvj  0x000000000000661c        0x8 c:/users/elbas/.platformio/packages/toolchain-gccarmnoneeabi/bin/../lib/gcc/arm-none-eabi/9.2.1/../../../../arm-none-eabi/lib/thumb/v6-m/nofp\libstdc++_nano.a(del_ops.o)
                0x000000000000661c                operator delete(void*, unsigned int)
 .text._ZdlPv   0x0000000000006624        0x8 c:/users/elbas/.platformio/packages/toolchain-gccarmnoneeabi/bin/../lib/gcc/arm-none-eabi/9.2.1/../../../../arm-none-eabi/lib/thumb/v6-m/nofp\libstdc++_nano.a(del_op.o)
                0x0000000000006624                operator delete(void*)
 .text.TimeStampsUpdate
                0x000000000000662c       0x38 C:\Users\elbas\.platformio\packages\framework-arduinoasrmicro650x\cores\asr650x\projects\CubeCellLib.a(timeServer.o)
 .text.TimerSetTimeout
                0x0000000000006664       0x10 C:\Users\elbas\.platformio\packages\framework-arduinoasrmicro650x\cores\asr650x\projects\CubeCellLib.a(timeServer.o)
 .text.TimerIrqHandler
                0x0000000000006674       0x70 C:\Users\elbas\.platformio\packages\framework-arduinoasrmicro650x\cores\asr650x\projects\CubeCellLib.a(timeServer.o)
                0x0000000000006674                TimerIrqHandler
 .text.get_timer_context
                0x00000000000066e4        0xc C:\Users\elbas\.platformio\packages\framework-arduinoasrmicro650x\cores\asr650x\projects\CubeCellLib.a(lorawan_port.o)
 .text.set_timer_val
                0x00000000000066f0        0xc C:\Users\elbas\.platformio\packages\framework-arduinoasrmicro650x\cores\asr650x\projects\CubeCellLib.a(lorawan_port.o)
 .text.radio_rw_dis
                0x00000000000066fc        0x2 C:\Users\elbas\.platformio\packages\framework-arduinoasrmicro650x\cores\asr650x\projects\CubeCellLib.a(lorawan_port.o)
 .text.radio_rw
                0x00000000000066fe        0x4 C:\Users\elbas\.platformio\packages\framework-arduinoasrmicro650x\cores\asr650x\projects\CubeCellLib.a(lorawan_port.o)
 *fill*         0x0000000000006702        0x2 
 .text.RTC_Update_ASR
                0x0000000000006704       0x28 C:\Users\elbas\.platformio\packages\framework-arduinoasrmicro650x\cores\asr650x\projects\CubeCellLib.a(lorawan_port.o)
                0x0000000000006704                RTC_Update_ASR
 .text.get_current_time
                0x000000000000672c       0x54 C:\Users\elbas\.platformio\packages\framework-arduinoasrmicro650x\cores\asr650x\projects\CubeCellLib.a(lorawan_port.o)
                0x000000000000672c                get_current_time
 .text.get_sys_time
                0x0000000000006780       0x28 C:\Users\elbas\.platformio\packages\framework-arduinoasrmicro650x\cores\asr650x\projects\CubeCellLib.a(lorawan_port.o)
                0x0000000000006780                get_sys_time
 .text.set_sys_time
                0x00000000000067a8       0x44 C:\Users\elbas\.platformio\packages\framework-arduinoasrmicro650x\cores\asr650x\projects\CubeCellLib.a(lorawan_port.o)
                0x00000000000067a8                set_sys_time
 .text.compute_elapsed_time
                0x00000000000067ec       0x10 C:\Users\elbas\.platformio\packages\framework-arduinoasrmicro650x\cores\asr650x\projects\CubeCellLib.a(lorawan_port.o)
 .text.get_timer_elapsed_time
                0x00000000000067fc       0x14 C:\Users\elbas\.platformio\packages\framework-arduinoasrmicro650x\cores\asr650x\projects\CubeCellLib.a(lorawan_port.o)
 .text.set_timer_context
                0x0000000000006810       0x14 C:\Users\elbas\.platformio\packages\framework-arduinoasrmicro650x\cores\asr650x\projects\CubeCellLib.a(lorawan_port.o)
 .text.enter_sleep_mode
                0x0000000000006824        0x8 C:\Users\elbas\.platformio\packages\framework-arduinoasrmicro650x\cores\asr650x\projects\CubeCellLib.a(lorawan_port.o)
 .text.set_alarm
                0x000000000000682c       0x20 C:\Users\elbas\.platformio\packages\framework-arduinoasrmicro650x\cores\asr650x\projects\CubeCellLib.a(lorawan_port.o)
 .text.set_timeout
                0x000000000000684c       0x2e C:\Users\elbas\.platformio\packages\framework-arduinoasrmicro650x\cores\asr650x\projects\CubeCellLib.a(lorawan_port.o)
 .text.AlarmBackHandler
                0x000000000000687a        0x8 C:\Users\elbas\.platformio\packages\framework-arduinoasrmicro650x\cores\asr650x\projects\CubeCellLib.a(lorawan_port.o)
 .text.stop_alarm
                0x0000000000006882        0x8 C:\Users\elbas\.platformio\packages\framework-arduinoasrmicro650x\cores\asr650x\projects\CubeCellLib.a(lorawan_port.o)
 .text.delay_ms
                0x000000000000688a        0x8 C:\Users\elbas\.platformio\packages\framework-arduinoasrmicro650x\cores\asr650x\projects\CubeCellLib.a(lorawan_port.o)
 .text.get_mft_baud
                0x0000000000006892        0x8 C:\Users\elbas\.platformio\packages\framework-arduinoasrmicro650x\cores\asr650x\projects\CubeCellLib.a(lorawan_port.o)
 .text.set_mft_baud
                0x000000000000689a        0x8 C:\Users\elbas\.platformio\packages\framework-arduinoasrmicro650x\cores\asr650x\projects\CubeCellLib.a(lorawan_port.o)
 .text.get_mft_sn
                0x00000000000068a2        0x8 C:\Users\elbas\.platformio\packages\framework-arduinoasrmicro650x\cores\asr650x\projects\CubeCellLib.a(lorawan_port.o)
 .text.get_mft_rev
                0x00000000000068aa        0x8 C:\Users\elbas\.platformio\packages\framework-arduinoasrmicro650x\cores\asr650x\projects\CubeCellLib.a(lorawan_port.o)
 .text.get_mft_model
                0x00000000000068b2        0x8 C:\Users\elbas\.platformio\packages\framework-arduinoasrmicro650x\cores\asr650x\projects\CubeCellLib.a(lorawan_port.o)
 .text.get_mft_id
                0x00000000000068ba        0x8 C:\Users\elbas\.platformio\packages\framework-arduinoasrmicro650x\cores\asr650x\projects\CubeCellLib.a(lorawan_port.o)
 .text.radio_rw_en
                0x00000000000068c2        0x2 C:\Users\elbas\.platformio\packages\framework-arduinoasrmicro650x\cores\asr650x\projects\CubeCellLib.a(lorawan_port.o)
 .text.exit_stop_mode
                0x00000000000068c4        0x2 C:\Users\elbas\.platformio\packages\framework-arduinoasrmicro650x\cores\asr650x\projects\CubeCellLib.a(lorawan_port.o)
 .text.set_uc_wakeup_time
                0x00000000000068c6        0x2 C:\Users\elbas\.platformio\packages\framework-arduinoasrmicro650x\cores\asr650x\projects\CubeCellLib.a(lorawan_port.o)
 .text.radio_reset
                0x00000000000068c8        0x2 C:\Users\elbas\.platformio\packages\framework-arduinoasrmicro650x\cores\asr650x\projects\CubeCellLib.a(lorawan_port.o)
 .text.radio_reset_cfg_input
                0x00000000000068ca        0x2 C:\Users\elbas\.platformio\packages\framework-arduinoasrmicro650x\cores\asr650x\projects\CubeCellLib.a(lorawan_port.o)
 .text.BackupGpioDriveMode
                0x00000000000068cc      0x114 C:\Users\elbas\.platformio\packages\framework-arduinoasrmicro650x\cores\asr650x\projects\CubeCellLib.a(lorawan_port.o)
                0x00000000000068cc                BackupGpioDriveMode
 .text.RestoreGpioDriveMode
                0x00000000000069e0      0x118 C:\Users\elbas\.platformio\packages\framework-arduinoasrmicro650x\cores\asr650x\projects\CubeCellLib.a(lorawan_port.o)
                0x00000000000069e0                RestoreGpioDriveMode
 .text.SetPinHIZ
                0x0000000000006af8       0x2e C:\Users\elbas\.platformio\packages\framework-arduinoasrmicro650x\cores\asr650x\projects\CubeCellLib.a(lorawan_port.o)
                0x0000000000006af8                SetPinHIZ
 .text.UartDeepsleep
                0x0000000000006b26       0x28 C:\Users\elbas\.platformio\packages\framework-arduinoasrmicro650x\cores\asr650x\projects\CubeCellLib.a(lorawan_port.o)
                0x0000000000006b26                UartDeepsleep
 *fill*         0x0000000000006b4e        0x2 
 .text.enter_stop_mode
                0x0000000000006b50       0x3c C:\Users\elbas\.platformio\packages\framework-arduinoasrmicro650x\cores\asr650x\projects\CubeCellLib.a(lorawan_port.o)
 .text.RtcInit  0x0000000000006b8c       0x3c C:\Users\elbas\.platformio\packages\framework-arduinoasrmicro650x\cores\asr650x\projects\CubeCellLib.a(lorawan_port.o)
                0x0000000000006b8c                RtcInit
 .text.Asr_Timer_RegisterAlarmCallback
                0x0000000000006bc8       0x10 C:\Users\elbas\.platformio\packages\framework-arduinoasrmicro650x\cores\asr650x\projects\CubeCellLib.a(asr_timer.o)
                0x0000000000006bc8                Asr_Timer_RegisterAlarmCallback
 .text.Asr_SetTimeout
                0x0000000000006bd8       0xc4 C:\Users\elbas\.platformio\packages\framework-arduinoasrmicro650x\cores\asr650x\projects\CubeCellLib.a(asr_timer.o)
                0x0000000000006bd8                Asr_SetTimeout
 .text.Asr_Timer_Init
                0x0000000000006c9c       0x68 C:\Users\elbas\.platformio\packages\framework-arduinoasrmicro650x\cores\asr650x\projects\CubeCellLib.a(asr_timer.o)
                0x0000000000006c9c                Asr_Timer_Init
 .text.Asr_Timer_Disable
                0x0000000000006d04       0x18 C:\Users\elbas\.platformio\packages\framework-arduinoasrmicro650x\cores\asr650x\projects\CubeCellLib.a(asr_timer.o)
                0x0000000000006d04                Asr_Timer_Disable
 .text.Timer0IsrCallback
                0x0000000000006d1c       0x1c C:\Users\elbas\.platformio\packages\framework-arduinoasrmicro650x\cores\asr650x\projects\CubeCellLib.a(asr_timer.o)
                0x0000000000006d1c                Timer0IsrCallback
 .text.Timer1IsrCallback
                0x0000000000006d38       0x28 C:\Users\elbas\.platformio\packages\framework-arduinoasrmicro650x\cores\asr650x\projects\CubeCellLib.a(asr_timer.o)
                0x0000000000006d38                Timer1IsrCallback
 .text.UART_2_Enable
                0x0000000000006d60       0x20 C:\Users\elbas\.platformio\packages\framework-arduinoasrmicro650x\cores\asr650x\projects\CubeCellLib.a(UART_2.o)
                0x0000000000006d60                UART_2_Enable
 .text.UART_2_Start
                0x0000000000006d80       0x64 C:\Users\elbas\.platformio\packages\framework-arduinoasrmicro650x\cores\asr650x\projects\CubeCellLib.a(UART_2.o)
                0x0000000000006d80                UART_2_Start
 .text.UART_1_Enable
                0x0000000000006de4       0x20 C:\Users\elbas\.platformio\packages\framework-arduinoasrmicro650x\cores\asr650x\projects\CubeCellLib.a(UART_1.o)
                0x0000000000006de4                UART_1_Enable
 .text.UART_1_Start
                0x0000000000006e04       0x54 C:\Users\elbas\.platformio\packages\framework-arduinoasrmicro650x\cores\asr650x\projects\CubeCellLib.a(UART_1.o)
                0x0000000000006e04                UART_1_Start
 .text.SPI_2_Enable
                0x0000000000006e58       0x18 C:\Users\elbas\.platformio\packages\framework-arduinoasrmicro650x\cores\asr650x\projects\CubeCellLib.a(SPI_2.o)
                0x0000000000006e58                SPI_2_Enable
 .text.SPI_2_Start
                0x0000000000006e70       0x70 C:\Users\elbas\.platformio\packages\framework-arduinoasrmicro650x\cores\asr650x\projects\CubeCellLib.a(SPI_2.o)
                0x0000000000006e70                SPI_2_Start
 .text.I2C_1_Enable
                0x0000000000006ee0       0x1c C:\Users\elbas\.platformio\packages\framework-arduinoasrmicro650x\cores\asr650x\projects\CubeCellLib.a(I2C_1.o)
                0x0000000000006ee0                I2C_1_Enable
 .text.I2C_1_Start
                0x0000000000006efc       0x5c C:\Users\elbas\.platformio\packages\framework-arduinoasrmicro650x\cores\asr650x\projects\CubeCellLib.a(I2C_1.o)
                0x0000000000006efc                I2C_1_Start
 .text.I2C_Enable
                0x0000000000006f58       0x1c C:\Users\elbas\.platformio\packages\framework-arduinoasrmicro650x\cores\asr650x\projects\CubeCellLib.a(I2C.o)
                0x0000000000006f58                I2C_Enable
 .text.I2C_Start
                0x0000000000006f74       0x5c C:\Users\elbas\.platformio\packages\framework-arduinoasrmicro650x\cores\asr650x\projects\CubeCellLib.a(I2C.o)
                0x0000000000006f74                I2C_Start
 .text.uart_pre_deepsleep
                0x0000000000006fd0       0x78 .pio\build\cubecell_node\libFrameworkArduino.a(uart_port.c.o)
                0x0000000000006fd0                uart_pre_deepsleep
 .text.SPI_1_Sleep
                0x0000000000007048       0x20 .pio\build\cubecell_node\libFrameworkArduino.a(SPI_1_PM.c.o)
                0x0000000000007048                SPI_1_Sleep
 .text.SPI_1_Wakeup
                0x0000000000007068       0x14 .pio\build\cubecell_node\libFrameworkArduino.a(SPI_1_PM.c.o)
                0x0000000000007068                SPI_1_Wakeup
 .text.SPI_2_SpiPostEnable
                0x000000000000707c       0x14 .pio\build\cubecell_node\libFrameworkArduino.a(SPI_2_SPI.c.o)
                0x000000000000707c                SPI_2_SpiPostEnable
 .text.SPI_2_SpiSetActiveSlaveSelect
                0x0000000000007090       0x20 .pio\build\cubecell_node\libFrameworkArduino.a(SPI_2_SPI.c.o)
                0x0000000000007090                SPI_2_SpiSetActiveSlaveSelect
 .text.SPI_2_SpiInit
                0x00000000000070b0       0x88 .pio\build\cubecell_node\libFrameworkArduino.a(SPI_2_SPI.c.o)
                0x00000000000070b0                SPI_2_SpiInit
 .text.UART_1_Sleep
                0x0000000000007138        0x8 .pio\build\cubecell_node\libFrameworkArduino.a(UART_1_PM.c.o)
                0x0000000000007138                UART_1_Sleep
 .text.UART_1_Wakeup
                0x0000000000007140        0x8 .pio\build\cubecell_node\libFrameworkArduino.a(UART_1_PM.c.o)
                0x0000000000007140                UART_1_Wakeup
 .text.UART_1_SCB_IRQ_Stop
                0x0000000000007148       0x1c .pio\build\cubecell_node\libFrameworkArduino.a(UART_1_SCB_IRQ.c.o)
                0x0000000000007148                UART_1_SCB_IRQ_Stop
 .text.UART_1_tx_SetDriveMode
                0x0000000000007164       0x14 .pio\build\cubecell_node\libFrameworkArduino.a(UART_1_tx.c.o)
                0x0000000000007164                UART_1_tx_SetDriveMode
 .text.UART_2_SCB_IRQ_Stop
                0x0000000000007178       0x1c .pio\build\cubecell_node\libFrameworkArduino.a(UART_2_SCB_IRQ.c.o)
                0x0000000000007178                UART_2_SCB_IRQ_Stop
 .text.CySysPmSleep
                0x0000000000007194       0x1c .pio\build\cubecell_node\libFrameworkArduino.a(cyPm.c.o)
                0x0000000000007194                CySysPmSleep
 .text.CySysPmDeepSleep
                0x00000000000071b0       0x60 .pio\build\cubecell_node\libFrameworkArduino.a(cyPm.c.o)
                0x00000000000071b0                CySysPmDeepSleep
 .text.rint     0x0000000000007210      0x120 c:/users/elbas/.platformio/packages/toolchain-gccarmnoneeabi/bin/../lib/gcc/arm-none-eabi/9.2.1/../../../../arm-none-eabi/lib/thumb/v6-m/nofp\libm.a(lib_a-s_rint.o)
                0x0000000000007210                rint
 .text.pow      0x0000000000007330      0x37c c:/users/elbas/.platformio/packages/toolchain-gccarmnoneeabi/bin/../lib/gcc/arm-none-eabi/9.2.1/../../../../arm-none-eabi/lib/thumb/v6-m/nofp\libm.a(lib_a-w_pow.o)
                0x0000000000007330                pow
 .text.__ieee754_pow
                0x00000000000076ac      0xad8 c:/users/elbas/.platformio/packages/toolchain-gccarmnoneeabi/bin/../lib/gcc/arm-none-eabi/9.2.1/../../../../arm-none-eabi/lib/thumb/v6-m/nofp\libm.a(lib_a-e_pow.o)
                0x00000000000076ac                __ieee754_pow
 .text.__ieee754_sqrt
                0x0000000000008184      0x1b0 c:/users/elbas/.platformio/packages/toolchain-gccarmnoneeabi/bin/../lib/gcc/arm-none-eabi/9.2.1/../../../../arm-none-eabi/lib/thumb/v6-m/nofp\libm.a(lib_a-e_sqrt.o)
                0x0000000000008184                __ieee754_sqrt
 .text.fabs     0x0000000000008334        0x8 c:/users/elbas/.platformio/packages/toolchain-gccarmnoneeabi/bin/../lib/gcc/arm-none-eabi/9.2.1/../../../../arm-none-eabi/lib/thumb/v6-m/nofp\libm.a(lib_a-s_fabs.o)
                0x0000000000008334                fabs
 .text.finite   0x000000000000833c       0x14 c:/users/elbas/.platformio/packages/toolchain-gccarmnoneeabi/bin/../lib/gcc/arm-none-eabi/9.2.1/../../../../arm-none-eabi/lib/thumb/v6-m/nofp\libm.a(lib_a-s_finite.o)
                0x000000000000833c                finite
 .text.matherr  0x0000000000008350        0x4 c:/users/elbas/.platformio/packages/toolchain-gccarmnoneeabi/bin/../lib/gcc/arm-none-eabi/9.2.1/../../../../arm-none-eabi/lib/thumb/v6-m/nofp\libm.a(lib_a-s_matherr.o)
                0x0000000000008350                matherr
 .text.nan      0x0000000000008354        0xc c:/users/elbas/.platformio/packages/toolchain-gccarmnoneeabi/bin/../lib/gcc/arm-none-eabi/9.2.1/../../../../arm-none-eabi/lib/thumb/v6-m/nofp\libm.a(lib_a-s_nan.o)
                0x0000000000008354                nan
 .text.scalbn   0x0000000000008360       0xf8 c:/users/elbas/.platformio/packages/toolchain-gccarmnoneeabi/bin/../lib/gcc/arm-none-eabi/9.2.1/../../../../arm-none-eabi/lib/thumb/v6-m/nofp\libm.a(lib_a-s_scalbn.o)
                0x0000000000008360                scalbn
 .text          0x0000000000008458      0x114 c:/users/elbas/.platformio/packages/toolchain-gccarmnoneeabi/bin/../lib/gcc/arm-none-eabi/9.2.1/thumb/v6-m/nofp\libgcc.a(_udivsi3.o)
                0x0000000000008458                __aeabi_uidiv
                0x0000000000008458                __udivsi3
                0x0000000000008564                __aeabi_uidivmod
 .text          0x000000000000856c        0x4 c:/users/elbas/.platformio/packages/toolchain-gccarmnoneeabi/bin/../lib/gcc/arm-none-eabi/9.2.1/thumb/v6-m/nofp\libgcc.a(_dvmd_tls.o)
                0x000000000000856c                __aeabi_idiv0
                0x000000000000856c                __aeabi_ldiv0
 .text          0x0000000000008570       0x7c c:/users/elbas/.platformio/packages/toolchain-gccarmnoneeabi/bin/../lib/gcc/arm-none-eabi/9.2.1/thumb/v6-m/nofp\libgcc.a(_arm_cmpdf2.o)
                0x0000000000008570                __aeabi_cdrcmple
                0x0000000000008580                __aeabi_cdcmple
                0x0000000000008580                __aeabi_cdcmpeq
                0x0000000000008590                __aeabi_dcmpeq
                0x000000000000859c                __aeabi_dcmplt
                0x00000000000085b0                __aeabi_dcmple
                0x00000000000085c4                __aeabi_dcmpgt
                0x00000000000085d8                __aeabi_dcmpge
 .text          0x00000000000085ec       0x48 c:/users/elbas/.platformio/packages/toolchain-gccarmnoneeabi/bin/../lib/gcc/arm-none-eabi/9.2.1/thumb/v6-m/nofp\libgcc.a(_aeabi_ldivmod.o)
                0x00000000000085ec                __aeabi_ldivmod
 .text          0x0000000000008634       0x40 c:/users/elbas/.platformio/packages/toolchain-gccarmnoneeabi/bin/../lib/gcc/arm-none-eabi/9.2.1/thumb/v6-m/nofp\libgcc.a(_aeabi_uldivmod.o)
                0x0000000000008634                __aeabi_uldivmod
 .text.__muldi3
                0x0000000000008674       0x50 c:/users/elbas/.platformio/packages/toolchain-gccarmnoneeabi/bin/../lib/gcc/arm-none-eabi/9.2.1/thumb/v6-m/nofp\libgcc.a(_muldi3.o)
                0x0000000000008674                __muldi3
                0x0000000000008674                __aeabi_lmul
 .text.__fixunssfsi
                0x00000000000086c4       0x30 c:/users/elbas/.platformio/packages/toolchain-gccarmnoneeabi/bin/../lib/gcc/arm-none-eabi/9.2.1/thumb/v6-m/nofp\libgcc.a(_fixunssfsi.o)
                0x00000000000086c4                __fixunssfsi
                0x00000000000086c4                __aeabi_f2uiz
 .text.__fixunsdfsi
                0x00000000000086f4       0x3c c:/users/elbas/.platformio/packages/toolchain-gccarmnoneeabi/bin/../lib/gcc/arm-none-eabi/9.2.1/thumb/v6-m/nofp\libgcc.a(_fixunsdfsi.o)
                0x00000000000086f4                __aeabi_d2uiz
                0x00000000000086f4                __fixunsdfsi
 .text.__floatdisf
                0x0000000000008730       0x68 c:/users/elbas/.platformio/packages/toolchain-gccarmnoneeabi/bin/../lib/gcc/arm-none-eabi/9.2.1/thumb/v6-m/nofp\libgcc.a(_floatdisf.o)
                0x0000000000008730                __aeabi_l2f
                0x0000000000008730                __floatdisf
 .text.__udivmoddi4
                0x0000000000008798      0x198 c:/users/elbas/.platformio/packages/toolchain-gccarmnoneeabi/bin/../lib/gcc/arm-none-eabi/9.2.1/thumb/v6-m/nofp\libgcc.a(_udivmoddi4.o)
                0x0000000000008798                __udivmoddi4
 .text.__gnu_ldivmod_helper
                0x0000000000008930       0x3c c:/users/elbas/.platformio/packages/toolchain-gccarmnoneeabi/bin/../lib/gcc/arm-none-eabi/9.2.1/thumb/v6-m/nofp\libgcc.a(bpabi.o)
                0x0000000000008930                __gnu_ldivmod_helper
 .text.__aeabi_fdiv
                0x000000000000896c      0x218 c:/users/elbas/.platformio/packages/toolchain-gccarmnoneeabi/bin/../lib/gcc/arm-none-eabi/9.2.1/thumb/v6-m/nofp\libgcc.a(divsf3.o)
                0x000000000000896c                __aeabi_fdiv
 .text.__aeabi_fmul
                0x0000000000008b84      0x234 c:/users/elbas/.platformio/packages/toolchain-gccarmnoneeabi/bin/../lib/gcc/arm-none-eabi/9.2.1/thumb/v6-m/nofp\libgcc.a(mulsf3.o)
                0x0000000000008b84                __aeabi_fmul
 .text.__aeabi_fsub
                0x0000000000008db8      0x390 c:/users/elbas/.platformio/packages/toolchain-gccarmnoneeabi/bin/../lib/gcc/arm-none-eabi/9.2.1/thumb/v6-m/nofp\libgcc.a(subsf3.o)
                0x0000000000008db8                __aeabi_fsub
 .text.__aeabi_f2iz
                0x0000000000009148       0x40 c:/users/elbas/.platformio/packages/toolchain-gccarmnoneeabi/bin/../lib/gcc/arm-none-eabi/9.2.1/thumb/v6-m/nofp\libgcc.a(fixsfsi.o)
                0x0000000000009148                __aeabi_f2iz
 .text.__aeabi_i2f
                0x0000000000009188       0x8c c:/users/elbas/.platformio/packages/toolchain-gccarmnoneeabi/bin/../lib/gcc/arm-none-eabi/9.2.1/thumb/v6-m/nofp\libgcc.a(floatsisf.o)
                0x0000000000009188                __aeabi_i2f
 .text.__aeabi_ui2f
                0x0000000000009214       0x78 c:/users/elbas/.platformio/packages/toolchain-gccarmnoneeabi/bin/../lib/gcc/arm-none-eabi/9.2.1/thumb/v6-m/nofp\libgcc.a(floatunsisf.o)
                0x0000000000009214                __aeabi_ui2f
 .text.__aeabi_dadd
                0x000000000000928c      0x6d4 c:/users/elbas/.platformio/packages/toolchain-gccarmnoneeabi/bin/../lib/gcc/arm-none-eabi/9.2.1/thumb/v6-m/nofp\libgcc.a(adddf3.o)
                0x000000000000928c                __aeabi_dadd
 .text.__aeabi_ddiv
                0x0000000000009960      0x5d0 c:/users/elbas/.platformio/packages/toolchain-gccarmnoneeabi/bin/../lib/gcc/arm-none-eabi/9.2.1/thumb/v6-m/nofp\libgcc.a(divdf3.o)
                0x0000000000009960                __aeabi_ddiv
 .text.__eqdf2  0x0000000000009f30       0x78 c:/users/elbas/.platformio/packages/toolchain-gccarmnoneeabi/bin/../lib/gcc/arm-none-eabi/9.2.1/thumb/v6-m/nofp\libgcc.a(eqdf2.o)
                0x0000000000009f30                __nedf2
                0x0000000000009f30                __eqdf2
 .text.__gedf2  0x0000000000009fa8       0xe4 c:/users/elbas/.platformio/packages/toolchain-gccarmnoneeabi/bin/../lib/gcc/arm-none-eabi/9.2.1/thumb/v6-m/nofp\libgcc.a(gedf2.o)
                0x0000000000009fa8                __gedf2
                0x0000000000009fa8                __gtdf2
 .text.__ledf2  0x000000000000a08c       0xe0 c:/users/elbas/.platformio/packages/toolchain-gccarmnoneeabi/bin/../lib/gcc/arm-none-eabi/9.2.1/thumb/v6-m/nofp\libgcc.a(ledf2.o)
                0x000000000000a08c                __ledf2
                0x000000000000a08c                __ltdf2
 .text.__aeabi_dmul
                0x000000000000a16c      0x4d8 c:/users/elbas/.platformio/packages/toolchain-gccarmnoneeabi/bin/../lib/gcc/arm-none-eabi/9.2.1/thumb/v6-m/nofp\libgcc.a(muldf3.o)
                0x000000000000a16c                __aeabi_dmul
 .text.__aeabi_dsub
                0x000000000000a644      0x724 c:/users/elbas/.platformio/packages/toolchain-gccarmnoneeabi/bin/../lib/gcc/arm-none-eabi/9.2.1/thumb/v6-m/nofp\libgcc.a(subdf3.o)
                0x000000000000a644                __aeabi_dsub
 .text.__aeabi_dcmpun
                0x000000000000ad68       0x3c c:/users/elbas/.platformio/packages/toolchain-gccarmnoneeabi/bin/../lib/gcc/arm-none-eabi/9.2.1/thumb/v6-m/nofp\libgcc.a(unorddf2.o)
                0x000000000000ad68                __aeabi_dcmpun
 .text.__aeabi_d2iz
                0x000000000000ada4       0x6c c:/users/elbas/.platformio/packages/toolchain-gccarmnoneeabi/bin/../lib/gcc/arm-none-eabi/9.2.1/thumb/v6-m/nofp\libgcc.a(fixdfsi.o)
                0x000000000000ada4                __aeabi_d2iz
 .text.__aeabi_i2d
                0x000000000000ae10       0x60 c:/users/elbas/.platformio/packages/toolchain-gccarmnoneeabi/bin/../lib/gcc/arm-none-eabi/9.2.1/thumb/v6-m/nofp\libgcc.a(floatsidf.o)
                0x000000000000ae10                __aeabi_i2d
 .text.__aeabi_ui2d
                0x000000000000ae70       0x4c c:/users/elbas/.platformio/packages/toolchain-gccarmnoneeabi/bin/../lib/gcc/arm-none-eabi/9.2.1/thumb/v6-m/nofp\libgcc.a(floatunsidf.o)
                0x000000000000ae70                __aeabi_ui2d
 .text.__aeabi_f2d
                0x000000000000aebc       0x90 c:/users/elbas/.platformio/packages/toolchain-gccarmnoneeabi/bin/../lib/gcc/arm-none-eabi/9.2.1/thumb/v6-m/nofp\libgcc.a(extendsfdf2.o)
                0x000000000000aebc                __aeabi_f2d
 .text.__aeabi_d2f
                0x000000000000af4c      0x110 c:/users/elbas/.platformio/packages/toolchain-gccarmnoneeabi/bin/../lib/gcc/arm-none-eabi/9.2.1/thumb/v6-m/nofp\libgcc.a(truncdfsf2.o)
                0x000000000000af4c                __aeabi_d2f
 .text          0x000000000000b05c       0x74 c:/users/elbas/.platformio/packages/toolchain-gccarmnoneeabi/bin/../lib/gcc/arm-none-eabi/9.2.1/thumb/v6-m/nofp\libgcc.a(_arm_cmpsf2.o)
                0x000000000000b05c                __aeabi_cfrcmple
                0x000000000000b064                __aeabi_cfcmpeq
                0x000000000000b064                __aeabi_cfcmple
                0x000000000000b074                __aeabi_fcmpeq
                0x000000000000b080                __aeabi_fcmplt
                0x000000000000b094                __aeabi_fcmple
                0x000000000000b0a8                __aeabi_fcmpgt
                0x000000000000b0bc                __aeabi_fcmpge
 .text          0x000000000000b0d0       0x3c c:/users/elbas/.platformio/packages/toolchain-gccarmnoneeabi/bin/../lib/gcc/arm-none-eabi/9.2.1/thumb/v6-m/nofp\libgcc.a(_clzsi2.o)
                0x000000000000b0d0                __clzsi2
 .text          0x000000000000b10c       0x18 c:/users/elbas/.platformio/packages/toolchain-gccarmnoneeabi/bin/../lib/gcc/arm-none-eabi/9.2.1/thumb/v6-m/nofp\libgcc.a(_clzdi2.o)
                0x000000000000b10c                __clzdi2
 .text.__divdi3
                0x000000000000b124      0x1cc c:/users/elbas/.platformio/packages/toolchain-gccarmnoneeabi/bin/../lib/gcc/arm-none-eabi/9.2.1/thumb/v6-m/nofp\libgcc.a(_divdi3.o)
                0x000000000000b124                __divdi3
 .text.__eqsf2  0x000000000000b2f0       0x50 c:/users/elbas/.platformio/packages/toolchain-gccarmnoneeabi/bin/../lib/gcc/arm-none-eabi/9.2.1/thumb/v6-m/nofp\libgcc.a(eqsf2.o)
                0x000000000000b2f0                __eqsf2
                0x000000000000b2f0                __nesf2
 .text.__gesf2  0x000000000000b340       0x98 c:/users/elbas/.platformio/packages/toolchain-gccarmnoneeabi/bin/../lib/gcc/arm-none-eabi/9.2.1/thumb/v6-m/nofp\libgcc.a(gesf2.o)
                0x000000000000b340                __gesf2
                0x000000000000b340                __gtsf2
 .text.__lesf2  0x000000000000b3d8       0x94 c:/users/elbas/.platformio/packages/toolchain-gccarmnoneeabi/bin/../lib/gcc/arm-none-eabi/9.2.1/thumb/v6-m/nofp\libgcc.a(lesf2.o)
                0x000000000000b3d8                __ltsf2
                0x000000000000b3d8                __lesf2
 .text.__cxa_atexit
                0x000000000000b46c       0x1c c:/users/elbas/.platformio/packages/toolchain-gccarmnoneeabi/bin/../lib/gcc/arm-none-eabi/9.2.1/../../../../arm-none-eabi/lib/thumb/v6-m/nofp\libc_nano.a(lib_a-cxa_atexit.o)
                0x000000000000b46c                __cxa_atexit
 .text.__errno  0x000000000000b488        0xc c:/users/elbas/.platformio/packages/toolchain-gccarmnoneeabi/bin/../lib/gcc/arm-none-eabi/9.2.1/../../../../arm-none-eabi/lib/thumb/v6-m/nofp\libc_nano.a(lib_a-errno.o)
                0x000000000000b488                __errno
 .text.__libc_init_array
                0x000000000000b494       0x48 c:/users/elbas/.platformio/packages/toolchain-gccarmnoneeabi/bin/../lib/gcc/arm-none-eabi/9.2.1/../../../../arm-none-eabi/lib/thumb/v6-m/nofp\libc_nano.a(lib_a-init.o)
                0x000000000000b494                __libc_init_array
 .text.free     0x000000000000b4dc       0x14 c:/users/elbas/.platformio/packages/toolchain-gccarmnoneeabi/bin/../lib/gcc/arm-none-eabi/9.2.1/../../../../arm-none-eabi/lib/thumb/v6-m/nofp\libc_nano.a(lib_a-malloc.o)
                0x000000000000b4dc                free
 .text.memcpy   0x000000000000b4f0       0x12 c:/users/elbas/.platformio/packages/toolchain-gccarmnoneeabi/bin/../lib/gcc/arm-none-eabi/9.2.1/../../../../arm-none-eabi/lib/thumb/v6-m/nofp\libc_nano.a(lib_a-memcpy-stub.o)
                0x000000000000b4f0                memcpy
 .text.memset   0x000000000000b502       0x10 c:/users/elbas/.platformio/packages/toolchain-gccarmnoneeabi/bin/../lib/gcc/arm-none-eabi/9.2.1/../../../../arm-none-eabi/lib/thumb/v6-m/nofp\libc_nano.a(lib_a-memset.o)
                0x000000000000b502                memset
 *fill*         0x000000000000b512        0x2 
 .text._free_r  0x000000000000b514       0x94 c:/users/elbas/.platformio/packages/toolchain-gccarmnoneeabi/bin/../lib/gcc/arm-none-eabi/9.2.1/../../../../arm-none-eabi/lib/thumb/v6-m/nofp\libc_nano.a(lib_a-nano-freer.o)
                0x000000000000b514                _free_r
 .text._malloc_r
                0x000000000000b5a8       0xbc c:/users/elbas/.platformio/packages/toolchain-gccarmnoneeabi/bin/../lib/gcc/arm-none-eabi/9.2.1/../../../../arm-none-eabi/lib/thumb/v6-m/nofp\libc_nano.a(lib_a-nano-mallocr.o)
                0x000000000000b5a8                _malloc_r
 .text.realloc  0x000000000000b664       0x14 c:/users/elbas/.platformio/packages/toolchain-gccarmnoneeabi/bin/../lib/gcc/arm-none-eabi/9.2.1/../../../../arm-none-eabi/lib/thumb/v6-m/nofp\libc_nano.a(lib_a-realloc.o)
                0x000000000000b664                realloc
 .text._sbrk_r  0x000000000000b678       0x24 c:/users/elbas/.platformio/packages/toolchain-gccarmnoneeabi/bin/../lib/gcc/arm-none-eabi/9.2.1/../../../../arm-none-eabi/lib/thumb/v6-m/nofp\libc_nano.a(lib_a-sbrkr.o)
                0x000000000000b678                _sbrk_r
 .text.strcpy   0x000000000000b69c       0x10 c:/users/elbas/.platformio/packages/toolchain-gccarmnoneeabi/bin/../lib/gcc/arm-none-eabi/9.2.1/../../../../arm-none-eabi/lib/thumb/v6-m/nofp\libc_nano.a(lib_a-strcpy.o)
                0x000000000000b69c                strcpy
 .text          0x000000000000b6ac        0xe c:/users/elbas/.platformio/packages/toolchain-gccarmnoneeabi/bin/../lib/gcc/arm-none-eabi/9.2.1/../../../../arm-none-eabi/lib/thumb/v6-m/nofp\libc_nano.a(lib_a-strlen.o)
                0x000000000000b6ac                strlen
 .text.__retarget_lock_acquire_recursive
                0x000000000000b6ba        0x2 c:/users/elbas/.platformio/packages/toolchain-gccarmnoneeabi/bin/../lib/gcc/arm-none-eabi/9.2.1/../../../../arm-none-eabi/lib/thumb/v6-m/nofp\libc_nano.a(lib_a-lock.o)
                0x000000000000b6ba                __retarget_lock_acquire_recursive
 .text.__retarget_lock_release_recursive
                0x000000000000b6bc        0x2 c:/users/elbas/.platformio/packages/toolchain-gccarmnoneeabi/bin/../lib/gcc/arm-none-eabi/9.2.1/../../../../arm-none-eabi/lib/thumb/v6-m/nofp\libc_nano.a(lib_a-lock.o)
                0x000000000000b6bc                __retarget_lock_release_recursive
 *fill*         0x000000000000b6be        0x2 
 .text.__malloc_lock
                0x000000000000b6c0       0x10 c:/users/elbas/.platformio/packages/toolchain-gccarmnoneeabi/bin/../lib/gcc/arm-none-eabi/9.2.1/../../../../arm-none-eabi/lib/thumb/v6-m/nofp\libc_nano.a(lib_a-mlock.o)
                0x000000000000b6c0                __malloc_lock
 .text.__malloc_unlock
                0x000000000000b6d0       0x10 c:/users/elbas/.platformio/packages/toolchain-gccarmnoneeabi/bin/../lib/gcc/arm-none-eabi/9.2.1/../../../../arm-none-eabi/lib/thumb/v6-m/nofp\libc_nano.a(lib_a-mlock.o)
                0x000000000000b6d0                __malloc_unlock
 .text._realloc_r
                0x000000000000b6e0       0x4c c:/users/elbas/.platformio/packages/toolchain-gccarmnoneeabi/bin/../lib/gcc/arm-none-eabi/9.2.1/../../../../arm-none-eabi/lib/thumb/v6-m/nofp\libc_nano.a(lib_a-nano-reallocr.o)
                0x000000000000b6e0                _realloc_r
 .text._malloc_usable_size_r
                0x000000000000b72c       0x10 c:/users/elbas/.platformio/packages/toolchain-gccarmnoneeabi/bin/../lib/gcc/arm-none-eabi/9.2.1/../../../../arm-none-eabi/lib/thumb/v6-m/nofp\libc_nano.a(lib_a-nano-msizer.o)
                0x000000000000b72c                _malloc_usable_size_r
 *(.plt)
 *(.gnu.warning)
 *(.glue_7t)
 .glue_7t       0x000000000000b73c        0x0 linker stubs
 *(.glue_7)
 .glue_7        0x000000000000b73c        0x0 linker stubs
 *(.vfp11_veneer)
 .vfp11_veneer  0x000000000000b73c        0x0 linker stubs
 *(.bootloader)
 *(.ARM.extab* .gnu.linkonce.armextab.*)
 *(.gcc_except_table)

.v4_bx          0x000000000000b73c        0x0
 .v4_bx         0x000000000000b73c        0x0 linker stubs

.iplt           0x000000000000b73c        0x0
 .iplt          0x000000000000b73c        0x0 c:/users/elbas/.platformio/packages/toolchain-gccarmnoneeabi/bin/../lib/gcc/arm-none-eabi/9.2.1/thumb/v6-m/nofp/crtbegin.o

.eh_frame_hdr
 *(.eh_frame_hdr)

.eh_frame       0x000000000000b73c        0x4
 *(.eh_frame)
 .eh_frame      0x000000000000b73c        0x0 c:/users/elbas/.platformio/packages/toolchain-gccarmnoneeabi/bin/../lib/gcc/arm-none-eabi/9.2.1/thumb/v6-m/nofp/crtbegin.o
 .eh_frame      0x000000000000b73c        0x4 c:/users/elbas/.platformio/packages/toolchain-gccarmnoneeabi/bin/../lib/gcc/arm-none-eabi/9.2.1/thumb/v6-m/nofp/crtend.o
                [!provide]                        PROVIDE (__exidx_start = .)

.ARM.exidx      0x000000000000b740        0x8
 *(.ARM.exidx* .gnu.linkonce.armexidx.*)
 .ARM.exidx.text.__udivmoddi4
                0x000000000000b740        0x8 c:/users/elbas/.platformio/packages/toolchain-gccarmnoneeabi/bin/../lib/gcc/arm-none-eabi/9.2.1/thumb/v6-m/nofp\libgcc.a(_udivmoddi4.o)
 .ARM.exidx.text.__divdi3